pygame 2.6.1 (SDL 2.28.4, Python 3.12.3)
Hello from the pygame community. https://www.pygame.org/contribute.html
nextgen 123 1 chain 0
nextgen 123 2 chain 0
nextgen 123 3 chain 0
nextgen 123 4 chain 0
nextgen 123 5 chain 0
nextgen 123 6 chain 0
nextgen 123 7 chain 0
nextgen 123 8 chain 0
nextgen 123 9 chain 0
nextgen 123 10 chain 0
nextgen 123 11 chain 0
nextgen 123 12 chain 0
nextgen 123 13 chain 0
nextgen 123 14 chain 0
nextgen 123 15 chain 0
nextgen 123 16 chain 0
nextgen 123 17 chain 0
nextgen 123 18 chain 0
nextgen 123 19 chain 0
nextgen 123 20 chain 0
nextgen 123 21 chain 0
nextgen 123 22 chain 0
nextgen 123 23 chain 0
nextgen 123 24 chain 0
nextgen 123 25 chain 0
nextgen 123 26 chain 0
nextgen 123 27 chain 0
nextgen 123 28 chain 0
nextgen 123 29 chain 10
nextgen 123 30 chain 0
nextgen 123 31 chain 0
nextgen 123 32 chain 0
nextgen 123 33 chain 0
nextgen 123 34 chain 0
nextgen 123 35 chain 0
nextgen 123 36 chain 0
nextgen 123 37 chain 0
nextgen 123 38 chain 0
nextgen 123 39 chain 0
nextgen 123 40 chain 0
{'seed': 123, 'max_chain': 10, 'premature': 0, 'game_over': False, 'placements': 40, 'decision_seconds': {'n': 40, 'p50': 0.38417981250006505, 'p95': 0.45877597459985964, 'max': 0.4876240889999508}}
