pygame 2.6.1 (SDL 2.28.4, Python 3.12.3)
Hello from the pygame community. https://www.pygame.org/contribute.html
nextgen 126 1 chain 0
nextgen 126 2 chain 0
nextgen 126 3 chain 0
nextgen 126 4 chain 0
nextgen 126 5 chain 0
nextgen 126 6 chain 0
nextgen 126 7 chain 0
nextgen 126 8 chain 0
nextgen 126 9 chain 0
nextgen 126 10 chain 0
nextgen 126 11 chain 0
nextgen 126 12 chain 0
nextgen 126 13 chain 0
nextgen 126 14 chain 0
nextgen 126 15 chain 0
nextgen 126 16 chain 0
nextgen 126 17 chain 0
nextgen 126 18 chain 0
nextgen 126 19 chain 0
nextgen 126 20 chain 0
nextgen 126 21 chain 0
nextgen 126 22 chain 0
nextgen 126 23 chain 0
nextgen 126 24 chain 0
nextgen 126 25 chain 0
nextgen 126 26 chain 0
nextgen 126 27 chain 0
nextgen 126 28 chain 0
nextgen 126 29 chain 0
nextgen 126 30 chain 0
nextgen 126 31 chain 10
nextgen 126 32 chain 0
nextgen 126 33 chain 0
nextgen 126 34 chain 0
nextgen 126 35 chain 0
nextgen 126 36 chain 0
nextgen 126 37 chain 0
nextgen 126 38 chain 0
nextgen 126 39 chain 0
nextgen 126 40 chain 0
{'seed': 126, 'max_chain': 10, 'premature': 0, 'game_over': False, 'placements': 40, 'decision_seconds': {'n': 40, 'p50': 0.39303668899998456, 'p95': 0.45971535665011626, 'max': 0.48342418100003215}}
