/home/sion2000114/workspaces/dev/puyo_ai_dev_platform/.venv/lib/python3.12/site-packages/pygame/pkgdata.py:25: UserWarning: pkg_resources is deprecated as an API. See https://setuptools.pypa.io/en/latest/pkg_resources.html. The pkg_resources package is slated for removal as early as 2025-11-30. Refrain from using this package or pin to Setuptools<81.
  from pkg_resources import resource_stream, resource_exists
pygame 2.6.1 (SDL 2.28.4, Python 3.12.3)
Hello from the pygame community. https://www.pygame.org/contribute.html
nextgen 55 1 chain 0
nextgen 55 2 chain 0
nextgen 55 3 chain 0
nextgen 55 4 chain 0
nextgen 55 5 chain 0
nextgen 55 6 chain 0
nextgen 55 7 chain 0
nextgen 55 8 chain 0
nextgen 55 9 chain 0
nextgen 55 10 chain 0
nextgen 55 11 chain 0
nextgen 55 12 chain 0
nextgen 55 13 chain 0
nextgen 55 14 chain 0
nextgen 55 15 chain 0
nextgen 55 16 chain 0
nextgen 55 17 chain 0
nextgen 55 18 chain 0
nextgen 55 19 chain 0
nextgen 55 20 chain 0
nextgen 55 21 chain 0
nextgen 55 22 chain 0
nextgen 55 23 chain 0
nextgen 55 24 chain 0
nextgen 55 25 chain 0
nextgen 55 26 chain 0
nextgen 55 27 chain 0
nextgen 55 28 chain 0
nextgen 55 29 chain 0
nextgen 55 30 chain 0
nextgen 55 31 chain 0
nextgen 55 32 chain 10
nextgen 55 33 chain 0
nextgen 55 34 chain 0
nextgen 55 35 chain 0
nextgen 55 36 chain 0
nextgen 55 37 chain 0
nextgen 55 38 chain 0
nextgen 55 39 chain 0
nextgen 55 40 chain 0
public_reference 55 1 chain 0
public_reference 55 2 chain 0
public_reference 55 3 chain 0
public_reference 55 4 chain 0
public_reference 55 5 chain 0
public_reference 55 6 chain 0
public_reference 55 7 chain 0
public_reference 55 8 chain 0
public_reference 55 9 chain 0
public_reference 55 10 chain 0
public_reference 55 11 chain 0
public_reference 55 12 chain 0
public_reference 55 13 chain 0
public_reference 55 14 chain 0
public_reference 55 15 chain 0
public_reference 55 16 chain 0
public_reference 55 17 chain 0
public_reference 55 18 chain 0
public_reference 55 19 chain 0
public_reference 55 20 chain 0
public_reference 55 21 chain 0
public_reference 55 22 chain 0
public_reference 55 23 chain 0
public_reference 55 24 chain 0
public_reference 55 25 chain 0
public_reference 55 26 chain 0
public_reference 55 27 chain 0
public_reference 55 28 chain 0
public_reference 55 29 chain 0
public_reference 55 30 chain 10
public_reference 55 31 chain 0
public_reference 55 32 chain 0
public_reference 55 33 chain 0
public_reference 55 34 chain 0
public_reference 55 35 chain 0
public_reference 55 36 chain 0
public_reference 55 37 chain 0
public_reference 55 38 chain 0
public_reference 55 39 chain 0
public_reference 55 40 chain 0
{"seed": 55, "metrics": {"nextgen": {"max_chain": 10, "premature": 0, "game_over": false, "placements": 40, "decision_seconds": {"n": 40, "p50": 0.4276314754993109, "p95": 0.5088338417999694, "max": 0.5417059490000611}, "errors": [], "semantic_digest": "7d04f115878f1b03d028915d5e61088f491765e52ac17d3c19bb6c1f4ef40701", "completed_requested_placements": true, "initial_binding_completed_within_14_at": 10}, "public_reference": {"max_chain": 10, "premature": 0, "game_over": false, "placements": 40, "decision_seconds": {"n": 40, "p50": 0.34575493850070416, "p95": 0.40547468525019204, "max": 0.46827802199823054}, "errors": [], "semantic_digest": "c9db7793f1663157c083bff835f50113e4ef5aca8b28f5210b7db67c1fa0625e", "completed_requested_placements": true, "initial_binding_completed_within_14_at": null}}, "paired_decisions": 40, "selected_key": ["gtr", "left_supported_core", "identity", [["A", 1], ["B", 2], ["C", 1]]]}
nextgen 123 1 chain 0
nextgen 123 2 chain 0
nextgen 123 3 chain 0
nextgen 123 4 chain 0
nextgen 123 5 chain 0
nextgen 123 6 chain 0
nextgen 123 7 chain 0
nextgen 123 8 chain 0
nextgen 123 9 chain 0
nextgen 123 10 chain 0
nextgen 123 11 chain 0
nextgen 123 12 chain 0
nextgen 123 13 chain 0
nextgen 123 14 chain 0
nextgen 123 15 chain 0
nextgen 123 16 chain 0
nextgen 123 17 chain 0
nextgen 123 18 chain 0
nextgen 123 19 chain 0
nextgen 123 20 chain 0
nextgen 123 21 chain 0
nextgen 123 22 chain 0
nextgen 123 23 chain 0
nextgen 123 24 chain 0
nextgen 123 25 chain 0
nextgen 123 26 chain 0
nextgen 123 27 chain 0
nextgen 123 28 chain 0
nextgen 123 29 chain 0
nextgen 123 30 chain 0
nextgen 123 31 chain 10
nextgen 123 32 chain 0
nextgen 123 33 chain 0
nextgen 123 34 chain 0
nextgen 123 35 chain 0
nextgen 123 36 chain 0
nextgen 123 37 chain 0
nextgen 123 38 chain 0
nextgen 123 39 chain 0
nextgen 123 40 chain 0
public_reference 123 1 chain 0
public_reference 123 2 chain 0
public_reference 123 3 chain 0
public_reference 123 4 chain 0
public_reference 123 5 chain 0
public_reference 123 6 chain 0
public_reference 123 7 chain 0
public_reference 123 8 chain 0
public_reference 123 9 chain 0
public_reference 123 10 chain 0
public_reference 123 11 chain 0
public_reference 123 12 chain 0
public_reference 123 13 chain 0
public_reference 123 14 chain 0
public_reference 123 15 chain 0
public_reference 123 16 chain 0
public_reference 123 17 chain 0
public_reference 123 18 chain 0
public_reference 123 19 chain 0
public_reference 123 20 chain 0
public_reference 123 21 chain 0
public_reference 123 22 chain 0
public_reference 123 23 chain 0
public_reference 123 24 chain 0
public_reference 123 25 chain 0
public_reference 123 26 chain 0
public_reference 123 27 chain 0
public_reference 123 28 chain 0
public_reference 123 29 chain 0
public_reference 123 30 chain 0
{"seed": 123, "metrics": {"nextgen": {"max_chain": 10, "premature": 0, "game_over": false, "placements": 40, "decision_seconds": {"n": 40, "p50": 0.4098961035006141, "p95": 0.5780759175511775, "max": 0.5892485599997599}, "errors": [], "semantic_digest": "df5d4643c6ad080aae754f3d9a5e8fb2903c348102685ad49b578835d8d0072b", "completed_requested_placements": true, "initial_binding_completed_within_14_at": 9}, "public_reference": {"max_chain": 0, "premature": 0, "game_over": false, "placements": 30, "decision_seconds": {"n": 31, "p50": 0.33316163099971163, "p95": 0.40698232600107076, "max": 0.4949407980002434}, "errors": [{"selected_action": 1, "observation": {"own_board": [[[0, 0, 0, 0, 0, 0], [0.0, 1.0, 0.0, 0.0, 0.0, 0.0], [0.0, 0.0, 0.0, 0.0, 0.0, 0.0], [0.0, 0.0, 1.0, 1.0, 0.0, 0.0], [1.0, 0.0, 0.0, 0.0, 0.0, 0.0], [0.0, 0.0, 0.0, 0.0, 0.0, 0.0], [1.0, 1.0, 0.0, 0.0, 0.0, 0.0], [0.0, 0.0, 1.0, 0.0, 0.0, 0.0], [1.0, 1.0, 0.0, 1.0, 0.0, 0.0], [0.0, 0.0, 1.0, 0.0, 1.0, 0.0], [1.0, 0.0, 0.0, 1.0, 0.0, 0.0], [0.0, 0.0, 1.0, 0.0, 1.0, 0.0], [0.0, 0.0, 1.0, 1.0, 0.0, 0.0]], [[0, 0, 0, 0, 0, 0], [0.0, 0.0, 0.0, 0.0, 0.0, 0.0], [1.0, 0.0, 0.0, 0.0, 0.0, 0.0], [0.0, 0.0, 0.0, 0.0, 0.0, 0.0], [0.0, 0.0, 0.0, 1.0, 1.0, 0.0], [0.0, 0.0, 0.0, 0.0, 0.0, 0.0], [0.0, 0.0, 1.0, 1.0, 0.0, 0.0], [0.0, 0.0, 0.0, 0.0, 0.0, 0.0], [0.0, 0.0, 0.0, 0.0, 0.0, 0.0], [0.0, 1.0, 0.0, 0.0, 0.0, 0.0], [0.0, 1.0, 0.0, 0.0, 0.0, 0.0], [0.0, 1.0, 0.0, 0.0, 0.0, 0.0], [1.0, 0.0, 0.0, 0.0, 0.0, 0.0]], [[0, 0, 0, 0, 0, 0], [0.0, 0.0, 0.0, 0.0, 1.0, 0.0], [0.0, 0.0, 0.0, 0.0, 1.0, 0.0], [0.0, 0.0, 0.0, 0.0, 1.0, 0.0], [0.0, 1.0, 1.0, 0.0, 0.0, 0.0], [0.0, 0.0, 0.0, 1.0, 0.0, 0.0], [0.0, 0.0, 0.0, 0.0, 0.0, 0.0], [1.0, 1.0, 0.0, 0.0, 1.0, 0.0], [0.0, 0.0, 1.0, 0.0, 0.0, 0.0], [1.0, 0.0, 0.0, 0.0, 0.0, 0.0], [0.0, 0.0, 1.0, 0.0, 1.0, 0.0], [1.0, 0.0, 0.0, 1.0, 0.0, 0.0], [0.0, 1.0, 0.0, 0.0, 0.0, 0.0]], [[0, 0, 0, 0, 0, 0], [1.0, 0.0, 0.0, 0.0, 0.0, 0.0], [0.0, 1.0, 0.0, 0.0, 0.0, 0.0], [1.0, 1.0, 0.0, 0.0, 0.0, 0.0], [0.0, 0.0, 0.0, 0.0, 0.0, 0.0], [1.0, 1.0, 1.0, 0.0, 1.0, 0.0], [0.0, 0.0, 0.0, 0.0, 1.0, 0.0], [0.0, 0.0, 0.0, 1.0, 0.0, 0.0], [0.0, 0.0, 0.0, 0.0, 1.0, 0.0], [0.0, 0.0, 0.0, 1.0, 0.0, 0.0], [0.0, 0.0, 0.0, 0.0, 0.0, 0.0], [0.0, 0.0, 0.0, 0.0, 0.0, 1.0], [0.0, 0.0, 0.0, 0.0, 1.0, 1.0]], [[0, 0, 0, 0, 0, 0], [0.0, 0.0, 0.0, 0.0, 0.0, 0.0], [0.0, 0.0, 0.0, 0.0, 0.0, 0.0], [0.0, 0.0, 0.0, 0.0, 0.0, 0.0], [0.0, 0.0, 0.0, 0.0, 0.0, 0.0], [0.0, 0.0, 0.0, 0.0, 0.0, 0.0], [0.0, 0.0, 0.0, 0.0, 0.0, 0.0], [0.0, 0.0, 0.0, 0.0, 0.0, 0.0], [0.0, 0.0, 0.0, 0.0, 0.0, 0.0], [0.0, 0.0, 0.0, 0.0, 0.0, 0.0], [0.0, 0.0, 0.0, 0.0, 0.0, 0.0], [0.0, 0.0, 0.0, 0.0, 0.0, 0.0], [0.0, 0.0, 0.0, 0.0, 0.0, 0.0]], [[0, 0, 0, 0, 0, 0], [0.0, 0.0, 0.0, 0.0, 0.0, 0.0], [0.0, 0.0, 0.0, 0.0, 0.0, 0.0], [0.0, 0.0, 0.0, 0.0, 0.0, 0.0], [0.0, 0.0, 0.0, 0.0, 0.0, 0.0], [0.0, 0.0, 0.0, 0.0, 0.0, 0.0], [0.0, 0.0, 0.0, 0.0, 0.0, 0.0], [0.0, 0.0, 0.0, 0.0, 0.0, 0.0], [0.0, 0.0, 0.0, 0.0, 0.0, 0.0], [0.0, 0.0, 0.0, 0.0, 0.0, 0.0], [0.0, 0.0, 0.0, 0.0, 0.0, 0.0], [0.0, 0.0, 0.0, 0.0, 0.0, 0.0], [0.0, 0.0, 0.0, 0.0, 0.0, 0.0]]], "next_pairs": [[[0.0, 0.0, 1.0, 0.0, 0.0], [1.0, 0.0, 0.0, 0.0, 0.0]], [[0.0, 1.0, 0.0, 0.0, 0.0], [1.0, 0.0, 0.0, 0.0, 0.0]], [[0.0, 0.0, 1.0, 0.0, 0.0], [1.0, 0.0, 0.0, 0.0, 0.0]]], "ghost_row": null}, "action_mask": [false, false, false, false, false, false, false, true, true, true, false, true, true, true, true, true, true, false, true, true, true, true], "seconds": 0.10149373999956879, "error": "deep-chain flow selected an illegal placement action", "tick": 1618}], "semantic_digest": "ba0fc8165e1b84d1b79ad331528d795945d1ad2e1a4c9c85a7a071a0fd6fd6f7", "completed_requested_placements": false, "initial_binding_completed_within_14_at": null}}, "paired_decisions": 40, "selected_key": ["gtr", "left_supported_core", "identity", [["A", 2], ["B", 1], ["C", 3]]]}
nextgen 124 1 chain 0
nextgen 124 2 chain 0
nextgen 124 3 chain 0
nextgen 124 4 chain 0
nextgen 124 5 chain 0
nextgen 124 6 chain 0
nextgen 124 7 chain 0
nextgen 124 8 chain 0
nextgen 124 9 chain 0
nextgen 124 10 chain 0
nextgen 124 11 chain 0
nextgen 124 12 chain 0
nextgen 124 13 chain 0
nextgen 124 14 chain 0
nextgen 124 15 chain 0
nextgen 124 16 chain 0
nextgen 124 17 chain 0
nextgen 124 18 chain 0
nextgen 124 19 chain 0
nextgen 124 20 chain 0
nextgen 124 21 chain 0
nextgen 124 22 chain 0
nextgen 124 23 chain 0
nextgen 124 24 chain 0
nextgen 124 25 chain 0
nextgen 124 26 chain 0
nextgen 124 27 chain 0
nextgen 124 28 chain 0
nextgen 124 29 chain 0
nextgen 124 30 chain 0
nextgen 124 31 chain 11
nextgen 124 32 chain 0
nextgen 124 33 chain 0
nextgen 124 34 chain 0
nextgen 124 35 chain 0
nextgen 124 36 chain 0
nextgen 124 37 chain 0
nextgen 124 38 chain 0
nextgen 124 39 chain 0
nextgen 124 40 chain 0
public_reference 124 1 chain 0
public_reference 124 2 chain 0
public_reference 124 3 chain 0
public_reference 124 4 chain 0
public_reference 124 5 chain 0
public_reference 124 6 chain 0
public_reference 124 7 chain 0
public_reference 124 8 chain 0
public_reference 124 9 chain 0
public_reference 124 10 chain 0
public_reference 124 11 chain 0
public_reference 124 12 chain 0
public_reference 124 13 chain 0
public_reference 124 14 chain 0
public_reference 124 15 chain 0
public_reference 124 16 chain 0
public_reference 124 17 chain 0
public_reference 124 18 chain 0
public_reference 124 19 chain 0
public_reference 124 20 chain 0
public_reference 124 21 chain 0
public_reference 124 22 chain 0
public_reference 124 23 chain 0
public_reference 124 24 chain 0
public_reference 124 25 chain 0
public_reference 124 26 chain 0
public_reference 124 27 chain 0
public_reference 124 28 chain 0
public_reference 124 29 chain 0
public_reference 124 30 chain 0
public_reference 124 31 chain 0
public_reference 124 32 chain 0
public_reference 124 33 chain 11
public_reference 124 34 chain 0
public_reference 124 35 chain 0
public_reference 124 36 chain 0
public_reference 124 37 chain 0
public_reference 124 38 chain 0
public_reference 124 39 chain 0
public_reference 124 40 chain 0
{"seed": 124, "metrics": {"nextgen": {"max_chain": 11, "premature": 0, "game_over": false, "placements": 40, "decision_seconds": {"n": 40, "p50": 0.41114770849935667, "p95": 0.5327255548988886, "max": 0.6018555380005637}, "errors": [], "semantic_digest": "812e946dddee7e579c6f401f8cfb449880d469c50aacfb3223e12effe1296d45", "completed_requested_placements": true, "initial_binding_completed_within_14_at": 9}, "public_reference": {"max_chain": 11, "premature": 0, "game_over": false, "placements": 40, "decision_seconds": {"n": 40, "p50": 0.360868943499554, "p95": 0.42179811254982263, "max": 0.4449199310001859}, "errors": [], "semantic_digest": "2d2b15a69f01c2cab151da045cd6b9d812bbb6ac4544991839077e6db16c39b6", "completed_requested_placements": true, "initial_binding_completed_within_14_at": null}}, "paired_decisions": 40, "selected_key": ["gtr", "left_supported_core", "identity", [["A", 2], ["B", 1], ["C", 3]]]}
