/home/sion2000114/workspaces/dev/puyo_ai_dev_platform/.venv/lib/python3.12/site-packages/pygame/pkgdata.py:25: UserWarning: pkg_resources is deprecated as an API. See https://setuptools.pypa.io/en/latest/pkg_resources.html. The pkg_resources package is slated for removal as early as 2025-11-30. Refrain from using this package or pin to Setuptools<81.
  from pkg_resources import resource_stream, resource_exists
pygame 2.6.1 (SDL 2.28.4, Python 3.12.3)
Hello from the pygame community. https://www.pygame.org/contribute.html
nextgen 55 1 chain 0
nextgen 55 2 chain 0
nextgen 55 3 chain 0
nextgen 55 4 chain 0
nextgen 55 5 chain 0
nextgen 55 6 chain 0
nextgen 55 7 chain 0
nextgen 55 8 chain 0
nextgen 55 9 chain 0
nextgen 55 10 chain 0
nextgen 55 11 chain 0
nextgen 55 12 chain 0
nextgen 55 13 chain 0
nextgen 55 14 chain 0
nextgen 55 15 chain 0
nextgen 55 16 chain 0
nextgen 55 17 chain 0
nextgen 55 18 chain 0
nextgen 55 19 chain 0
nextgen 55 20 chain 0
nextgen 55 21 chain 0
nextgen 55 22 chain 0
nextgen 55 23 chain 0
nextgen 55 24 chain 0
nextgen 55 25 chain 0
nextgen 55 26 chain 0
nextgen 55 27 chain 0
nextgen 55 28 chain 0
nextgen 55 29 chain 0
nextgen 55 30 chain 0
nextgen 55 31 chain 0
nextgen 55 32 chain 10
nextgen 55 33 chain 0
nextgen 55 34 chain 0
nextgen 55 35 chain 0
nextgen 55 36 chain 0
nextgen 55 37 chain 0
nextgen 55 38 chain 0
nextgen 55 39 chain 0
nextgen 55 40 chain 0
deep_chain 55 1 chain 0
deep_chain 55 2 chain 0
deep_chain 55 3 chain 0
deep_chain 55 4 chain 0
deep_chain 55 5 chain 0
deep_chain 55 6 chain 0
deep_chain 55 7 chain 0
deep_chain 55 8 chain 0
deep_chain 55 9 chain 0
deep_chain 55 10 chain 0
deep_chain 55 11 chain 0
deep_chain 55 12 chain 0
deep_chain 55 13 chain 0
deep_chain 55 14 chain 0
deep_chain 55 15 chain 0
deep_chain 55 16 chain 0
deep_chain 55 17 chain 0
deep_chain 55 18 chain 0
deep_chain 55 19 chain 0
deep_chain 55 20 chain 0
deep_chain 55 21 chain 0
deep_chain 55 22 chain 0
deep_chain 55 23 chain 0
deep_chain 55 24 chain 0
deep_chain 55 25 chain 0
deep_chain 55 26 chain 0
deep_chain 55 27 chain 0
deep_chain 55 28 chain 0
deep_chain 55 29 chain 0
deep_chain 55 30 chain 10
deep_chain 55 31 chain 0
deep_chain 55 32 chain 0
deep_chain 55 33 chain 0
deep_chain 55 34 chain 0
deep_chain 55 35 chain 0
deep_chain 55 36 chain 0
deep_chain 55 37 chain 0
deep_chain 55 38 chain 0
deep_chain 55 39 chain 0
deep_chain 55 40 chain 0
{"seed": 55, "metrics": {"nextgen": {"max_chain": 10, "premature": 0, "game_over": false, "placements": 40, "decision_seconds": {"n": 40, "p50": 0.41828127299959306, "p95": 0.5104663745501966, "max": 0.5326776269998845}, "errors": [], "semantic_digest": "7d04f115878f1b03d028915d5e61088f491765e52ac17d3c19bb6c1f4ef40701", "initial_binding_completed_within_14_at": 10}, "public_reference": {"max_chain": 10, "premature": 0, "game_over": false, "placements": 40, "decision_seconds": {"n": 40, "p50": 0.35876479499961533, "p95": 0.40821024619949636, "max": 0.41961805499977345}, "errors": [], "semantic_digest": "296697757a495473d66303fb903aa4c6d992b260db06b40f8ce8b3ef382ad83d", "initial_binding_completed_within_14_at": null}}, "paired_decisions": 40, "selected_key": ["gtr", "left_supported_core", "identity", [["A", 1], ["B", 2], ["C", 1]]]}
nextgen 123 1 chain 0
nextgen 123 2 chain 0
nextgen 123 3 chain 0
nextgen 123 4 chain 0
nextgen 123 5 chain 0
nextgen 123 6 chain 0
nextgen 123 7 chain 0
nextgen 123 8 chain 0
nextgen 123 9 chain 0
nextgen 123 10 chain 0
nextgen 123 11 chain 0
nextgen 123 12 chain 0
nextgen 123 13 chain 0
nextgen 123 14 chain 0
nextgen 123 15 chain 0
nextgen 123 16 chain 0
nextgen 123 17 chain 0
nextgen 123 18 chain 0
nextgen 123 19 chain 0
nextgen 123 20 chain 0
nextgen 123 21 chain 0
nextgen 123 22 chain 0
nextgen 123 23 chain 0
nextgen 123 24 chain 0
nextgen 123 25 chain 0
nextgen 123 26 chain 0
nextgen 123 27 chain 0
nextgen 123 28 chain 0
nextgen 123 29 chain 0
nextgen 123 30 chain 0
nextgen 123 31 chain 10
nextgen 123 32 chain 0
nextgen 123 33 chain 0
nextgen 123 34 chain 0
nextgen 123 35 chain 0
nextgen 123 36 chain 0
nextgen 123 37 chain 0
nextgen 123 38 chain 0
nextgen 123 39 chain 0
nextgen 123 40 chain 0
Traceback (most recent call last):
  File "<frozen runpy>", line 198, in _run_module_as_main
  File "<frozen runpy>", line 88, in _run_code
  File "/home/sion2000114/workspaces/dev/puyo-s14-268/eval/puyo_268_public_reference.py", line 238, in <module>
    main()
  File "/home/sion2000114/workspaces/dev/puyo-s14-268/eval/puyo_268_public_reference.py", line 234, in main
    run(args.output, args.seeds, args.placements)
  File "/home/sion2000114/workspaces/dev/puyo-s14-268/eval/puyo_268_public_reference.py", line 193, in run
    pair = compare_request(request, shadow)
           ^^^^^^^^^^^^^^^^^^^^^^^^^^^^^^^^
  File "/home/sion2000114/workspaces/dev/puyo-s14-268/eval/puyo_268_public_reference.py", line 135, in compare_request
    context = policy.decide(observation, info)
              ^^^^^^^^^^^^^^^^^^^^^^^^^^^^^^^^
  File "/home/sion2000114/workspaces/dev/puyo-s14-268/eval/puyo_268_public_reference.py", line 93, in decide
    context = super().decide(observation, info)
              ^^^^^^^^^^^^^^^^^^^^^^^^^^^^^^^^^
  File "/home/sion2000114/workspaces/dev/puyo-s14-268/agents/deep_chain_builder.py", line 1038, in decide
    _require_legal_selected_action(result, visible_input)
  File "/home/sion2000114/workspaces/dev/puyo-s14-268/agents/deep_chain_builder.py", line 1356, in _require_legal_selected_action
    raise ValueError("deep-chain flow selected an illegal placement action")
ValueError: deep-chain flow selected an illegal placement action
