/home/sion2000114/workspaces/dev/puyo-s14-266/src/ui/keybindings.py:69: Warning: pygame.init() has not been called. This function may return incorrect results
  pygame.key.key_code(name)
pygame 2.6.1 (SDL 2.28.4, Python 3.12.3)
Hello from the pygame community. https://www.pygame.org/contribute.html
normal tick=31 outcome=activated requested=0 executed=0 seconds=0.386
normal tick=102 outcome=activated requested=16 executed=16 seconds=0.268
normal tick=184 outcome=activated requested=14 executed=14 seconds=0.305
normal tick=265 outcome=stale requested=14 executed=None seconds=0.333
normal tick=270 outcome=activated requested=14 executed=14 seconds=0.095
normal tick=349 outcome=activated requested=19 executed=19 seconds=0.330
normal tick=437 outcome=activated requested=12 executed=12 seconds=0.404
normal tick=529 outcome=activated requested=7 executed=7 seconds=0.328
normal tick=610 outcome=stale requested=2 executed=None seconds=0.421
normal tick=626 outcome=activated requested=2 executed=2 seconds=0.160
normal tick=697 outcome=stale requested=19 executed=None seconds=0.437
normal tick=706 outcome=activated requested=15 executed=15 seconds=0.102
normal tick=835 outcome=activated requested=15 executed=15 seconds=0.250
normal tick=903 outcome=activated requested=8 executed=8 seconds=0.266
normal tick=972 outcome=activated requested=21 executed=21 seconds=0.260
normal tick=1037 outcome=activated requested=12 executed=12 seconds=0.250
normal tick=1155 outcome=activated requested=3 executed=3 seconds=0.279
normal tick=1221 outcome=activated requested=8 executed=8 seconds=0.268
normal tick=1287 outcome=activated requested=3 executed=3 seconds=0.233
normal tick=1348 outcome=activated requested=5 executed=5 seconds=0.258
normal tick=1406 outcome=activated requested=15 executed=15 seconds=0.239
normal tick=1473 outcome=activated requested=21 executed=21 seconds=0.232
normal tick=1666 outcome=activated requested=18 executed=18 seconds=0.383
normal tick=1745 outcome=activated requested=11 executed=11 seconds=0.399
normal tick=1814 outcome=activated requested=3 executed=3 seconds=0.348
normal tick=1891 outcome=activated requested=9 executed=9 seconds=0.419
normal tick=1963 outcome=activated requested=3 executed=3 seconds=0.366
normal tick=2035 outcome=activated requested=8 executed=8 seconds=0.400
normal tick=2118 outcome=activated requested=4 executed=4 seconds=0.408
normal tick=2183 outcome=activated requested=18 executed=18 seconds=0.350
normal tick=2261 outcome=activated requested=4 executed=4 seconds=0.303
normal tick=2323 outcome=activated requested=21 executed=21 seconds=0.288
normal tick=2389 outcome=activated requested=0 executed=0 seconds=0.263
normal tick=2455 outcome=activated requested=0 executed=0 seconds=0.266
normal tick=2517 outcome=activated requested=19 executed=19 seconds=0.240
normal tick=2581 outcome=activated requested=10 executed=10 seconds=0.259
normal tick=2635 outcome=activated requested=0 executed=0 seconds=0.213
normal tick=3020 outcome=activated requested=3 executed=3 seconds=0.464
normal tick=3098 outcome=activated requested=10 executed=10 seconds=0.420
normal tick=3173 outcome=activated requested=18 executed=18 seconds=0.458
normal tick=3272 outcome=activated requested=19 executed=19 seconds=0.397
normal tick=3349 outcome=activated requested=17 executed=17 seconds=0.417
normal tick=3433 outcome=activated requested=18 executed=18 seconds=0.399
normal tick=3528 outcome=activated requested=14 executed=14 seconds=0.394
normal tick=3603 outcome=activated requested=3 executed=3 seconds=0.348
normal tick=3674 outcome=activated requested=8 executed=8 seconds=0.386
normal tick=3748 outcome=activated requested=15 executed=15 seconds=0.393
normal tick=3822 outcome=activated requested=12 executed=12 seconds=0.356
normal tick=3913 outcome=activated requested=16 executed=16 seconds=0.434
normal tick=3980 outcome=activated requested=19 executed=19 seconds=0.341
normal tick=4048 outcome=activated requested=5 executed=5 seconds=0.352
normal tick=4115 outcome=activated requested=13 executed=13 seconds=0.321
normal tick=4178 outcome=activated requested=8 executed=8 seconds=0.291
normal tick=4251 outcome=stale requested=7 executed=None seconds=0.288
normal tick=4260 outcome=stale requested=7 executed=None seconds=0.079
normal tick=4269 outcome=activated requested=7 executed=7 seconds=0.079
normal tick=4331 outcome=activated requested=6 executed=6 seconds=0.302
normal tick=4408 outcome=activated requested=6 executed=6 seconds=0.297
normal tick=4942 outcome=activated requested=1 executed=1 seconds=0.474
normal tick=5033 outcome=activated requested=3 executed=3 seconds=0.367
normal tick=5116 outcome=activated requested=8 executed=8 seconds=0.423
normal tick=5203 outcome=activated requested=0 executed=0 seconds=0.362
normal tick=5288 outcome=activated requested=4 executed=4 seconds=0.418
normal tick=5383 outcome=activated requested=17 executed=17 seconds=0.456
normal tick=5469 outcome=activated requested=12 executed=12 seconds=0.449
{"outcomes": {"activated": 60, "stale": 5}, "fallbacks": 0, "adopted_actions": [0, 16, 14, 14, 19, 12, 7, 2, 15, 15, 8, 21, 12, 3, 8, 3, 5, 15, 21, 18, 11, 3, 9, 3, 8, 4, 18, 4, 21, 0, 0, 19, 10, 0, 3, 10, 18, 19, 17, 18, 14, 3, 8, 15, 12, 16, 19, 5, 13, 8, 7, 6, 6, 1, 3, 8, 0, 4, 17, 12], "adopted_piece_ids": ["piece-0", "piece-1", "piece-2", "piece-3", "piece-4", "piece-5", "piece-6", "piece-7", "piece-8", "piece-9", "piece-10", "piece-11", "piece-12", "piece-13", "piece-14", "piece-15", "piece-16", "piece-17", "piece-18", "piece-19", "piece-20", "piece-21", "piece-22", "piece-23", "piece-24", "piece-25", "piece-26", "piece-27", "piece-28", "piece-29", "piece-30", "piece-31", "piece-32", "piece-33", "piece-34", "piece-35", "piece-36", "piece-37", "piece-38", "piece-39", "piece-40", "piece-41", "piece-42", "piece-43", "piece-44", "piece-45", "piece-46", "piece-47", "piece-48", "piece-49", "piece-50", "piece-51", "piece-52", "piece-53", "piece-54", "piece-55", "piece-56", "piece-57", "piece-58", "piece-59"], "adopted_tactics": ["build_template", "build_template", "build_template", "build_template", "build_template", "build_template", "build_template", "build_template", "cancel", "build_main", "build_main", "build_main", "build_main", "build_main", "build_main", "build_main", "build_main", "build_main", "build_main", "build_main", "build_main", "build_main", "build_main", "build_main", "build_main", "build_main", "build_main", "build_main", "build_main", "build_main", "build_main", "build_main", "build_main", "build_main", "build_main", "build_main", "build_main", "build_main", "build_main", "build_main", "build_main", "build_main", "build_main", "build_main", "build_main", "build_main", "build_main", "build_main", "build_main", "build_main", "build_main", "build_main", "fire_main", "build_main", "build_main", "build_main", "build_main", "build_main", "build_main", "build_main"], "shared_cache_hits": 5}
