/home/sion2/workspaces/dev/puyo_ai_dev_platform/.venv/lib/python3.12/site-packages/pygame/pkgdata.py:25: UserWarning: pkg_resources is deprecated as an API. See https://setuptools.pypa.io/en/latest/pkg_resources.html. The pkg_resources package is slated for removal as early as 2025-11-30. Refrain from using this package or pin to Setuptools<81.
  from pkg_resources import resource_stream, resource_exists
pygame 2.6.1 (SDL 2.28.4, Python 3.12.3)
Hello from the pygame community. https://www.pygame.org/contribute.html
nextgen 55 1 chain 0
nextgen 55 2 chain 0
nextgen 55 3 chain 0
nextgen 55 4 chain 0
nextgen 55 5 chain 0
nextgen 55 6 chain 0
nextgen 55 7 chain 0
nextgen 55 8 chain 0
nextgen 55 9 chain 0
nextgen 55 10 chain 0
nextgen 55 11 chain 0
nextgen 55 12 chain 0
nextgen 55 13 chain 0
nextgen 55 14 chain 0
nextgen 55 15 chain 0
nextgen 55 16 chain 0
nextgen 55 17 chain 0
nextgen 55 18 chain 0
nextgen 55 19 chain 0
nextgen 55 20 chain 0
nextgen 55 21 chain 0
nextgen 55 22 chain 0
nextgen 55 23 chain 0
nextgen 55 24 chain 0
nextgen 55 25 chain 0
nextgen 55 26 chain 0
nextgen 55 27 chain 0
nextgen 55 28 chain 0
nextgen 55 29 chain 0
nextgen 55 30 chain 0
nextgen 55 31 chain 0
nextgen 55 32 chain 10
nextgen 55 33 chain 0
nextgen 55 34 chain 0
nextgen 55 35 chain 0
nextgen 55 36 chain 0
nextgen 55 37 chain 0
nextgen 55 38 chain 0
nextgen 55 39 chain 0
nextgen 55 40 chain 0
FIXED3_NEW_55 10 0 False 40
