Requirement already satisfied: maturin==1.14.1 in /home/sion2/workspaces/dev/puyo_ai_dev_platform/.venv/lib/python3.12/site-packages (from maturin[zig]==1.14.1->-r requirements-native.txt (line 1)) (1.14.1)
Requirement already satisfied: ziglang==0.15.2 in /home/sion2/workspaces/dev/puyo_ai_dev_platform/.venv/lib/python3.12/site-packages (from -r requirements-native.txt (line 2)) (0.15.2)
🐍 Found CPython 3.12 at /home/sion2/workspaces/dev/puyo_ai_dev_platform/.venv/bin/python
🔗 Found pyo3 bindings
📡 Using build options bindings from pyproject.toml
🛠️ Using zig for cross-compiling to x86_64-unknown-linux-gnu
   Compiling target-lexicon v0.13.5
   Compiling proc-macro2 v1.0.107
   Compiling quote v1.0.47
   Compiling unicode-ident v1.0.24
   Compiling typenum v1.20.1
   Compiling libc v0.2.189
   Compiling heck v0.5.0
   Compiling cfg-if v1.0.4
   Compiling cpufeatures v0.3.1
   Compiling once_cell v1.21.4
   Compiling puyo-deep-chain-native v0.4.0 (/tmp/puyo-238-release-build/native/deep_chain_native)
   Compiling pyo3-build-config v0.29.0
   Compiling hybrid-array v0.4.14
   Compiling syn v2.0.119
   Compiling crypto-common v0.2.2
   Compiling block-buffer v0.12.1
   Compiling pyo3-ffi v0.29.0
   Compiling pyo3 v0.29.0
   Compiling digest v0.11.3
   Compiling sha2 v0.11.0
   Compiling pyo3-macros-backend v0.29.0
   Compiling pyo3-macros v0.29.0
warning: linker stderr: ignoring deprecated linker optimization setting '1'
  |
  = note: `#[warn(linker_messages)]` on by default

warning: `puyo-deep-chain-native` (lib) generated 1 warning
    Finished `release` profile [optimized + debuginfo] target(s) in 23.88s
📦 Built wheel for CPython 3.12 to /tmp/puyo-238-release-build/dist/native/puyo_deep_chain_native-0.4.0-cp312-cp312-manylinux_2_28_x86_64.whl
Processing ./dist/native/puyo_deep_chain_native-0.4.0-cp312-cp312-manylinux_2_28_x86_64.whl
Installing collected packages: puyo-deep-chain-native
  Attempting uninstall: puyo-deep-chain-native
    Found existing installation: puyo-deep-chain-native 0.4.0
    Uninstalling puyo-deep-chain-native-0.4.0:
      Successfully uninstalled puyo-deep-chain-native-0.4.0
Successfully installed puyo-deep-chain-native-0.4.0
d437f6d4c647b86391271390512bc7e402dcb749dadde533c9e57601825ac415  /tmp/puyo-238-release-build/dist/native/puyo_deep_chain_native-0.4.0-cp312-cp312-manylinux_2_28_x86_64.whl
