123 1 max 10 -> 10 lock_mismatch [] full_prediction_difference []
123 2 max 10 -> 10 lock_mismatch [] full_prediction_difference []
124 1 max 11 -> 11 lock_mismatch [] full_prediction_difference []
124 2 max 11 -> 11 lock_mismatch [] full_prediction_difference []
125 1 max 11 -> 11 lock_mismatch [] full_prediction_difference []
125 2 max 11 -> 11 lock_mismatch [] full_prediction_difference []
126 1 max 0 -> 0 lock_mismatch [] full_prediction_difference []
126 2 max 0 -> 0 lock_mismatch [] full_prediction_difference []
127 1 max 10 -> 10 lock_mismatch [] full_prediction_difference []
127 2 max 10 -> 10 lock_mismatch [] full_prediction_difference []
128 1 max 0 -> 0 lock_mismatch [] full_prediction_difference []
128 2 max 0 -> 0 lock_mismatch [] full_prediction_difference []
129 1 max 11 -> 11 lock_mismatch [] full_prediction_difference []
129 2 max 11 -> 11 lock_mismatch [] full_prediction_difference []
130 1 max 10 -> 10 lock_mismatch [] full_prediction_difference []
130 2 max 10 -> 10 lock_mismatch [] full_prediction_difference []
131 1 max 10 -> 10 lock_mismatch [] full_prediction_difference []
131 2 max 10 -> 10 lock_mismatch [] full_prediction_difference []
132 1 max 0 -> 0 lock_mismatch [] full_prediction_difference []
132 2 max 0 -> 0 lock_mismatch [] full_prediction_difference []
133 1 max 12 -> 12 lock_mismatch [] full_prediction_difference []
133 2 max 12 -> 12 lock_mismatch [] full_prediction_difference []
134 1 max 11 -> 10 lock_mismatch [] full_prediction_difference []
134 2 max 11 -> 10 lock_mismatch [] full_prediction_difference []
135 1 max 1 -> 1 lock_mismatch [] full_prediction_difference []
135 2 max 1 -> 1 lock_mismatch [] full_prediction_difference []
136 1 max 11 -> 11 lock_mismatch [] full_prediction_difference []
136 2 max 11 -> 11 lock_mismatch [] full_prediction_difference []
137 1 max 1 -> 12 lock_mismatch [] full_prediction_difference []
137 2 max 1 -> 12 lock_mismatch [] full_prediction_difference []
138 1 max 10 -> 10 lock_mismatch [] full_prediction_difference []
138 2 max 10 -> 10 lock_mismatch [] full_prediction_difference []
139 1 max 11 -> 11 lock_mismatch [] full_prediction_difference []
139 2 max 11 -> 11 lock_mismatch [] full_prediction_difference []
140 1 max 10 -> 10 lock_mismatch [] full_prediction_difference []
140 2 max 10 -> 10 lock_mismatch [] full_prediction_difference []
141 1 max 10 -> 10 lock_mismatch [] full_prediction_difference []
141 2 max 10 -> 10 lock_mismatch [] full_prediction_difference []
142 1 max 10 -> 10 lock_mismatch [] full_prediction_difference []
142 2 max 10 -> 10 lock_mismatch [] full_prediction_difference []
143 1 max 10 -> 10 lock_mismatch [] full_prediction_difference []
143 2 max 10 -> 10 lock_mismatch [] full_prediction_difference []
144 1 max 1 -> 1 lock_mismatch [] full_prediction_difference []
144 2 max 1 -> 1 lock_mismatch [] full_prediction_difference []
145 1 max 11 -> 11 lock_mismatch [] full_prediction_difference []
145 2 max 11 -> 11 lock_mismatch [] full_prediction_difference []
146 1 max 11 -> 11 lock_mismatch [] full_prediction_difference []
146 2 max 11 -> 11 lock_mismatch [] full_prediction_difference []
147 1 max 10 -> 10 lock_mismatch [] full_prediction_difference []
147 2 max 10 -> 10 lock_mismatch [] full_prediction_difference []
148 1 max 8 -> 10 lock_mismatch [] full_prediction_difference []
148 2 max 8 -> 10 lock_mismatch [] full_prediction_difference []
149 1 max 10 -> 10 lock_mismatch [] full_prediction_difference []
149 2 max 10 -> 10 lock_mismatch [] full_prediction_difference []
150 1 max 10 -> 10 lock_mismatch [] full_prediction_difference []
150 2 max 10 -> 10 lock_mismatch [] full_prediction_difference []
151 1 max 10 -> 10 lock_mismatch [] full_prediction_difference []
151 2 max 10 -> 10 lock_mismatch [] full_prediction_difference []
152 1 max 13 -> 13 lock_mismatch [] full_prediction_difference []
152 2 max 13 -> 13 lock_mismatch [] full_prediction_difference []
