/home/sion2/workspaces/dev/puyo_ai_dev_platform/.venv/lib/python3.12/site-packages/pygame/pkgdata.py:25: UserWarning: pkg_resources is deprecated as an API. See https://setuptools.pypa.io/en/latest/pkg_resources.html. The pkg_resources package is slated for removal as early as 2025-11-30. Refrain from using this package or pin to Setuptools<81.
  from pkg_resources import resource_stream, resource_exists
pygame 2.6.1 (SDL 2.28.4, Python 3.12.3)
Hello from the pygame community. https://www.pygame.org/contribute.html
/home/sion2/workspaces/dev/puyo_ai_dev_platform/.venv/lib/python3.12/site-packages/pygame/pkgdata.py:25: UserWarning: pkg_resources is deprecated as an API. See https://setuptools.pypa.io/en/latest/pkg_resources.html. The pkg_resources package is slated for removal as early as 2025-11-30. Refrain from using this package or pin to Setuptools<81.
  from pkg_resources import resource_stream, resource_exists
nextgen 123 1 chain 0
nextgen 123 2 chain 0
nextgen 123 3 chain 0
nextgen 123 4 chain 0
nextgen 123 5 chain 0
nextgen 123 6 chain 0
nextgen 123 7 chain 0
nextgen 123 8 chain 0
nextgen 123 9 chain 0
nextgen 123 10 chain 0
nextgen 123 11 chain 0
nextgen 123 12 chain 0
nextgen 123 13 chain 0
nextgen 123 14 chain 0
nextgen 123 15 chain 0
nextgen 123 16 chain 0
nextgen 123 17 chain 0
nextgen 123 18 chain 0
nextgen 123 19 chain 0
nextgen 123 20 chain 0
nextgen 123 21 chain 0
nextgen 123 22 chain 0
nextgen 123 23 chain 0
nextgen 123 24 chain 0
nextgen 123 25 chain 0
nextgen 123 26 chain 0
nextgen 123 27 chain 0
nextgen 123 28 chain 0
nextgen 123 29 chain 0
nextgen 123 30 chain 0
nextgen 123 31 chain 10
nextgen 123 32 chain 0
nextgen 123 33 chain 0
nextgen 123 34 chain 0
nextgen 123 35 chain 0
nextgen 123 36 chain 0
nextgen 123 37 chain 0
nextgen 123 38 chain 0
nextgen 123 39 chain 0
nextgen 123 40 chain 0
COMPLETE 123 1 10 0 False
/home/sion2/workspaces/dev/puyo_ai_dev_platform/.venv/lib/python3.12/site-packages/pygame/pkgdata.py:25: UserWarning: pkg_resources is deprecated as an API. See https://setuptools.pypa.io/en/latest/pkg_resources.html. The pkg_resources package is slated for removal as early as 2025-11-30. Refrain from using this package or pin to Setuptools<81.
  from pkg_resources import resource_stream, resource_exists
nextgen 123 1 chain 0
nextgen 123 2 chain 0
nextgen 123 3 chain 0
nextgen 123 4 chain 0
nextgen 123 5 chain 0
nextgen 123 6 chain 0
nextgen 123 7 chain 0
nextgen 123 8 chain 0
nextgen 123 9 chain 0
nextgen 123 10 chain 0
nextgen 123 11 chain 0
nextgen 123 12 chain 0
nextgen 123 13 chain 0
nextgen 123 14 chain 0
nextgen 123 15 chain 0
nextgen 123 16 chain 0
nextgen 123 17 chain 0
nextgen 123 18 chain 0
nextgen 123 19 chain 0
nextgen 123 20 chain 0
nextgen 123 21 chain 0
nextgen 123 22 chain 0
nextgen 123 23 chain 0
nextgen 123 24 chain 0
nextgen 123 25 chain 0
nextgen 123 26 chain 0
nextgen 123 27 chain 0
nextgen 123 28 chain 0
nextgen 123 29 chain 0
nextgen 123 30 chain 0
nextgen 123 31 chain 10
nextgen 123 32 chain 0
nextgen 123 33 chain 0
nextgen 123 34 chain 0
nextgen 123 35 chain 0
nextgen 123 36 chain 0
nextgen 123 37 chain 0
nextgen 123 38 chain 0
nextgen 123 39 chain 0
nextgen 123 40 chain 0
COMPLETE 123 2 10 0 False
/home/sion2/workspaces/dev/puyo_ai_dev_platform/.venv/lib/python3.12/site-packages/pygame/pkgdata.py:25: UserWarning: pkg_resources is deprecated as an API. See https://setuptools.pypa.io/en/latest/pkg_resources.html. The pkg_resources package is slated for removal as early as 2025-11-30. Refrain from using this package or pin to Setuptools<81.
  from pkg_resources import resource_stream, resource_exists
nextgen 124 1 chain 0
nextgen 124 2 chain 0
nextgen 124 3 chain 0
nextgen 124 4 chain 0
nextgen 124 5 chain 0
nextgen 124 6 chain 0
nextgen 124 7 chain 0
nextgen 124 8 chain 0
nextgen 124 9 chain 0
nextgen 124 10 chain 0
nextgen 124 11 chain 0
nextgen 124 12 chain 0
nextgen 124 13 chain 0
nextgen 124 14 chain 0
nextgen 124 15 chain 0
nextgen 124 16 chain 0
nextgen 124 17 chain 0
nextgen 124 18 chain 0
nextgen 124 19 chain 0
nextgen 124 20 chain 0
nextgen 124 21 chain 0
nextgen 124 22 chain 0
nextgen 124 23 chain 0
nextgen 124 24 chain 0
nextgen 124 25 chain 0
nextgen 124 26 chain 0
nextgen 124 27 chain 0
nextgen 124 28 chain 0
nextgen 124 29 chain 0
nextgen 124 30 chain 0
nextgen 124 31 chain 11
nextgen 124 32 chain 0
nextgen 124 33 chain 0
nextgen 124 34 chain 0
nextgen 124 35 chain 0
nextgen 124 36 chain 0
nextgen 124 37 chain 0
nextgen 124 38 chain 0
nextgen 124 39 chain 0
nextgen 124 40 chain 0
COMPLETE 124 1 11 0 False
/home/sion2/workspaces/dev/puyo_ai_dev_platform/.venv/lib/python3.12/site-packages/pygame/pkgdata.py:25: UserWarning: pkg_resources is deprecated as an API. See https://setuptools.pypa.io/en/latest/pkg_resources.html. The pkg_resources package is slated for removal as early as 2025-11-30. Refrain from using this package or pin to Setuptools<81.
  from pkg_resources import resource_stream, resource_exists
nextgen 124 1 chain 0
nextgen 124 2 chain 0
nextgen 124 3 chain 0
nextgen 124 4 chain 0
nextgen 124 5 chain 0
nextgen 124 6 chain 0
nextgen 124 7 chain 0
nextgen 124 8 chain 0
nextgen 124 9 chain 0
nextgen 124 10 chain 0
nextgen 124 11 chain 0
nextgen 124 12 chain 0
nextgen 124 13 chain 0
nextgen 124 14 chain 0
nextgen 124 15 chain 0
nextgen 124 16 chain 0
nextgen 124 17 chain 0
nextgen 124 18 chain 0
nextgen 124 19 chain 0
nextgen 124 20 chain 0
nextgen 124 21 chain 0
nextgen 124 22 chain 0
nextgen 124 23 chain 0
nextgen 124 24 chain 0
nextgen 124 25 chain 0
nextgen 124 26 chain 0
nextgen 124 27 chain 0
nextgen 124 28 chain 0
nextgen 124 29 chain 0
nextgen 124 30 chain 0
nextgen 124 31 chain 11
nextgen 124 32 chain 0
nextgen 124 33 chain 0
nextgen 124 34 chain 0
nextgen 124 35 chain 0
nextgen 124 36 chain 0
nextgen 124 37 chain 0
nextgen 124 38 chain 0
nextgen 124 39 chain 0
nextgen 124 40 chain 0
COMPLETE 124 2 11 0 False
/home/sion2/workspaces/dev/puyo_ai_dev_platform/.venv/lib/python3.12/site-packages/pygame/pkgdata.py:25: UserWarning: pkg_resources is deprecated as an API. See https://setuptools.pypa.io/en/latest/pkg_resources.html. The pkg_resources package is slated for removal as early as 2025-11-30. Refrain from using this package or pin to Setuptools<81.
  from pkg_resources import resource_stream, resource_exists
nextgen 125 1 chain 0
nextgen 125 2 chain 0
nextgen 125 3 chain 0
nextgen 125 4 chain 0
nextgen 125 5 chain 0
nextgen 125 6 chain 0
nextgen 125 7 chain 0
nextgen 125 8 chain 0
nextgen 125 9 chain 0
nextgen 125 10 chain 0
nextgen 125 11 chain 0
nextgen 125 12 chain 0
nextgen 125 13 chain 0
nextgen 125 14 chain 0
nextgen 125 15 chain 0
nextgen 125 16 chain 0
nextgen 125 17 chain 0
nextgen 125 18 chain 0
nextgen 125 19 chain 0
nextgen 125 20 chain 0
nextgen 125 21 chain 0
nextgen 125 22 chain 0
nextgen 125 23 chain 0
nextgen 125 24 chain 0
nextgen 125 25 chain 0
nextgen 125 26 chain 0
nextgen 125 27 chain 0
nextgen 125 28 chain 0
nextgen 125 29 chain 0
nextgen 125 30 chain 0
nextgen 125 31 chain 0
nextgen 125 32 chain 0
nextgen 125 33 chain 11
nextgen 125 34 chain 0
nextgen 125 35 chain 0
nextgen 125 36 chain 0
nextgen 125 37 chain 0
nextgen 125 38 chain 0
nextgen 125 39 chain 0
nextgen 125 40 chain 0
COMPLETE 125 1 11 0 False
/home/sion2/workspaces/dev/puyo_ai_dev_platform/.venv/lib/python3.12/site-packages/pygame/pkgdata.py:25: UserWarning: pkg_resources is deprecated as an API. See https://setuptools.pypa.io/en/latest/pkg_resources.html. The pkg_resources package is slated for removal as early as 2025-11-30. Refrain from using this package or pin to Setuptools<81.
  from pkg_resources import resource_stream, resource_exists
nextgen 125 1 chain 0
nextgen 125 2 chain 0
nextgen 125 3 chain 0
nextgen 125 4 chain 0
nextgen 125 5 chain 0
nextgen 125 6 chain 0
nextgen 125 7 chain 0
nextgen 125 8 chain 0
nextgen 125 9 chain 0
nextgen 125 10 chain 0
nextgen 125 11 chain 0
nextgen 125 12 chain 0
nextgen 125 13 chain 0
nextgen 125 14 chain 0
nextgen 125 15 chain 0
nextgen 125 16 chain 0
nextgen 125 17 chain 0
nextgen 125 18 chain 0
nextgen 125 19 chain 0
nextgen 125 20 chain 0
nextgen 125 21 chain 0
nextgen 125 22 chain 0
nextgen 125 23 chain 0
nextgen 125 24 chain 0
nextgen 125 25 chain 0
nextgen 125 26 chain 0
nextgen 125 27 chain 0
nextgen 125 28 chain 0
nextgen 125 29 chain 0
nextgen 125 30 chain 0
nextgen 125 31 chain 0
nextgen 125 32 chain 0
nextgen 125 33 chain 11
nextgen 125 34 chain 0
nextgen 125 35 chain 0
nextgen 125 36 chain 0
nextgen 125 37 chain 0
nextgen 125 38 chain 0
nextgen 125 39 chain 0
nextgen 125 40 chain 0
COMPLETE 125 2 11 0 False
/home/sion2/workspaces/dev/puyo_ai_dev_platform/.venv/lib/python3.12/site-packages/pygame/pkgdata.py:25: UserWarning: pkg_resources is deprecated as an API. See https://setuptools.pypa.io/en/latest/pkg_resources.html. The pkg_resources package is slated for removal as early as 2025-11-30. Refrain from using this package or pin to Setuptools<81.
  from pkg_resources import resource_stream, resource_exists
nextgen 126 1 chain 0
nextgen 126 2 chain 0
nextgen 126 3 chain 0
nextgen 126 4 chain 0
nextgen 126 5 chain 0
nextgen 126 6 chain 0
nextgen 126 7 chain 0
nextgen 126 8 chain 0
nextgen 126 9 chain 0
nextgen 126 10 chain 0
nextgen 126 11 chain 0
nextgen 126 12 chain 0
nextgen 126 13 chain 0
nextgen 126 14 chain 0
nextgen 126 15 chain 0
nextgen 126 16 chain 0
nextgen 126 17 chain 0
nextgen 126 18 chain 0
nextgen 126 19 chain 0
nextgen 126 20 chain 0
nextgen 126 21 chain 0
nextgen 126 22 chain 0
nextgen 126 23 chain 0
nextgen 126 24 chain 0
nextgen 126 25 chain 0
nextgen 126 26 chain 0
nextgen 126 27 chain 0
nextgen 126 28 chain 0
nextgen 126 29 chain 0
nextgen 126 30 chain 0
nextgen 126 31 chain 0
nextgen 126 32 chain 0
nextgen 126 33 chain 0
nextgen 126 34 chain 0
nextgen 126 35 chain 0
nextgen 126 36 chain 0
COMPLETE 126 1 0 0 True
/home/sion2/workspaces/dev/puyo_ai_dev_platform/.venv/lib/python3.12/site-packages/pygame/pkgdata.py:25: UserWarning: pkg_resources is deprecated as an API. See https://setuptools.pypa.io/en/latest/pkg_resources.html. The pkg_resources package is slated for removal as early as 2025-11-30. Refrain from using this package or pin to Setuptools<81.
  from pkg_resources import resource_stream, resource_exists
nextgen 126 1 chain 0
nextgen 126 2 chain 0
nextgen 126 3 chain 0
nextgen 126 4 chain 0
nextgen 126 5 chain 0
nextgen 126 6 chain 0
nextgen 126 7 chain 0
nextgen 126 8 chain 0
nextgen 126 9 chain 0
nextgen 126 10 chain 0
nextgen 126 11 chain 0
nextgen 126 12 chain 0
nextgen 126 13 chain 0
nextgen 126 14 chain 0
nextgen 126 15 chain 0
nextgen 126 16 chain 0
nextgen 126 17 chain 0
nextgen 126 18 chain 0
nextgen 126 19 chain 0
nextgen 126 20 chain 0
nextgen 126 21 chain 0
nextgen 126 22 chain 0
nextgen 126 23 chain 0
nextgen 126 24 chain 0
nextgen 126 25 chain 0
nextgen 126 26 chain 0
nextgen 126 27 chain 0
nextgen 126 28 chain 0
nextgen 126 29 chain 0
nextgen 126 30 chain 0
nextgen 126 31 chain 0
nextgen 126 32 chain 0
nextgen 126 33 chain 0
nextgen 126 34 chain 0
nextgen 126 35 chain 0
nextgen 126 36 chain 0
COMPLETE 126 2 0 0 True
/home/sion2/workspaces/dev/puyo_ai_dev_platform/.venv/lib/python3.12/site-packages/pygame/pkgdata.py:25: UserWarning: pkg_resources is deprecated as an API. See https://setuptools.pypa.io/en/latest/pkg_resources.html. The pkg_resources package is slated for removal as early as 2025-11-30. Refrain from using this package or pin to Setuptools<81.
  from pkg_resources import resource_stream, resource_exists
nextgen 127 1 chain 0
nextgen 127 2 chain 0
nextgen 127 3 chain 0
nextgen 127 4 chain 0
nextgen 127 5 chain 0
nextgen 127 6 chain 0
nextgen 127 7 chain 0
nextgen 127 8 chain 0
nextgen 127 9 chain 0
nextgen 127 10 chain 0
nextgen 127 11 chain 0
nextgen 127 12 chain 0
nextgen 127 13 chain 0
nextgen 127 14 chain 0
nextgen 127 15 chain 0
nextgen 127 16 chain 0
nextgen 127 17 chain 0
nextgen 127 18 chain 0
nextgen 127 19 chain 0
nextgen 127 20 chain 0
nextgen 127 21 chain 0
nextgen 127 22 chain 0
nextgen 127 23 chain 0
nextgen 127 24 chain 0
nextgen 127 25 chain 0
nextgen 127 26 chain 10
nextgen 127 27 chain 0
nextgen 127 28 chain 0
nextgen 127 29 chain 0
nextgen 127 30 chain 0
nextgen 127 31 chain 0
nextgen 127 32 chain 0
nextgen 127 33 chain 0
nextgen 127 34 chain 0
nextgen 127 35 chain 0
nextgen 127 36 chain 0
nextgen 127 37 chain 0
nextgen 127 38 chain 0
nextgen 127 39 chain 0
nextgen 127 40 chain 0
COMPLETE 127 1 10 0 False
/home/sion2/workspaces/dev/puyo_ai_dev_platform/.venv/lib/python3.12/site-packages/pygame/pkgdata.py:25: UserWarning: pkg_resources is deprecated as an API. See https://setuptools.pypa.io/en/latest/pkg_resources.html. The pkg_resources package is slated for removal as early as 2025-11-30. Refrain from using this package or pin to Setuptools<81.
  from pkg_resources import resource_stream, resource_exists
nextgen 127 1 chain 0
nextgen 127 2 chain 0
nextgen 127 3 chain 0
nextgen 127 4 chain 0
nextgen 127 5 chain 0
nextgen 127 6 chain 0
nextgen 127 7 chain 0
nextgen 127 8 chain 0
nextgen 127 9 chain 0
nextgen 127 10 chain 0
nextgen 127 11 chain 0
nextgen 127 12 chain 0
nextgen 127 13 chain 0
nextgen 127 14 chain 0
nextgen 127 15 chain 0
nextgen 127 16 chain 0
nextgen 127 17 chain 0
nextgen 127 18 chain 0
nextgen 127 19 chain 0
nextgen 127 20 chain 0
nextgen 127 21 chain 0
nextgen 127 22 chain 0
nextgen 127 23 chain 0
nextgen 127 24 chain 0
nextgen 127 25 chain 0
nextgen 127 26 chain 10
nextgen 127 27 chain 0
nextgen 127 28 chain 0
nextgen 127 29 chain 0
nextgen 127 30 chain 0
nextgen 127 31 chain 0
nextgen 127 32 chain 0
nextgen 127 33 chain 0
nextgen 127 34 chain 0
nextgen 127 35 chain 0
nextgen 127 36 chain 0
nextgen 127 37 chain 0
nextgen 127 38 chain 0
nextgen 127 39 chain 0
nextgen 127 40 chain 0
COMPLETE 127 2 10 0 False
/home/sion2/workspaces/dev/puyo_ai_dev_platform/.venv/lib/python3.12/site-packages/pygame/pkgdata.py:25: UserWarning: pkg_resources is deprecated as an API. See https://setuptools.pypa.io/en/latest/pkg_resources.html. The pkg_resources package is slated for removal as early as 2025-11-30. Refrain from using this package or pin to Setuptools<81.
  from pkg_resources import resource_stream, resource_exists
nextgen 128 1 chain 0
nextgen 128 2 chain 0
nextgen 128 3 chain 0
nextgen 128 4 chain 0
nextgen 128 5 chain 0
nextgen 128 6 chain 0
nextgen 128 7 chain 0
nextgen 128 8 chain 0
nextgen 128 9 chain 0
nextgen 128 10 chain 0
nextgen 128 11 chain 0
nextgen 128 12 chain 0
nextgen 128 13 chain 0
nextgen 128 14 chain 0
nextgen 128 15 chain 0
nextgen 128 16 chain 0
nextgen 128 17 chain 0
nextgen 128 18 chain 0
nextgen 128 19 chain 0
nextgen 128 20 chain 0
nextgen 128 21 chain 0
nextgen 128 22 chain 0
nextgen 128 23 chain 0
nextgen 128 24 chain 0
nextgen 128 25 chain 0
nextgen 128 26 chain 0
nextgen 128 27 chain 0
nextgen 128 28 chain 0
nextgen 128 29 chain 0
nextgen 128 30 chain 0
nextgen 128 31 chain 0
nextgen 128 32 chain 0
nextgen 128 33 chain 0
nextgen 128 34 chain 0
nextgen 128 35 chain 0
nextgen 128 36 chain 0
nextgen 128 37 chain 0
nextgen 128 38 chain 0
nextgen 128 39 chain 0
COMPLETE 128 1 0 0 True
/home/sion2/workspaces/dev/puyo_ai_dev_platform/.venv/lib/python3.12/site-packages/pygame/pkgdata.py:25: UserWarning: pkg_resources is deprecated as an API. See https://setuptools.pypa.io/en/latest/pkg_resources.html. The pkg_resources package is slated for removal as early as 2025-11-30. Refrain from using this package or pin to Setuptools<81.
  from pkg_resources import resource_stream, resource_exists
nextgen 128 1 chain 0
nextgen 128 2 chain 0
nextgen 128 3 chain 0
nextgen 128 4 chain 0
nextgen 128 5 chain 0
nextgen 128 6 chain 0
nextgen 128 7 chain 0
nextgen 128 8 chain 0
nextgen 128 9 chain 0
nextgen 128 10 chain 0
nextgen 128 11 chain 0
nextgen 128 12 chain 0
nextgen 128 13 chain 0
nextgen 128 14 chain 0
nextgen 128 15 chain 0
nextgen 128 16 chain 0
nextgen 128 17 chain 0
nextgen 128 18 chain 0
nextgen 128 19 chain 0
nextgen 128 20 chain 0
nextgen 128 21 chain 0
nextgen 128 22 chain 0
nextgen 128 23 chain 0
nextgen 128 24 chain 0
nextgen 128 25 chain 0
nextgen 128 26 chain 0
nextgen 128 27 chain 0
nextgen 128 28 chain 0
nextgen 128 29 chain 0
nextgen 128 30 chain 0
nextgen 128 31 chain 0
nextgen 128 32 chain 0
nextgen 128 33 chain 0
nextgen 128 34 chain 0
nextgen 128 35 chain 0
nextgen 128 36 chain 0
nextgen 128 37 chain 0
nextgen 128 38 chain 0
nextgen 128 39 chain 0
COMPLETE 128 2 0 0 True
/home/sion2/workspaces/dev/puyo_ai_dev_platform/.venv/lib/python3.12/site-packages/pygame/pkgdata.py:25: UserWarning: pkg_resources is deprecated as an API. See https://setuptools.pypa.io/en/latest/pkg_resources.html. The pkg_resources package is slated for removal as early as 2025-11-30. Refrain from using this package or pin to Setuptools<81.
  from pkg_resources import resource_stream, resource_exists
nextgen 129 1 chain 0
nextgen 129 2 chain 0
nextgen 129 3 chain 0
nextgen 129 4 chain 0
nextgen 129 5 chain 0
nextgen 129 6 chain 0
nextgen 129 7 chain 0
nextgen 129 8 chain 0
nextgen 129 9 chain 0
nextgen 129 10 chain 0
nextgen 129 11 chain 0
nextgen 129 12 chain 0
nextgen 129 13 chain 0
nextgen 129 14 chain 0
nextgen 129 15 chain 0
nextgen 129 16 chain 0
nextgen 129 17 chain 0
nextgen 129 18 chain 0
nextgen 129 19 chain 0
nextgen 129 20 chain 0
nextgen 129 21 chain 0
nextgen 129 22 chain 0
nextgen 129 23 chain 0
nextgen 129 24 chain 0
nextgen 129 25 chain 0
nextgen 129 26 chain 0
nextgen 129 27 chain 11
nextgen 129 28 chain 0
nextgen 129 29 chain 0
nextgen 129 30 chain 0
nextgen 129 31 chain 0
nextgen 129 32 chain 0
nextgen 129 33 chain 0
nextgen 129 34 chain 0
nextgen 129 35 chain 0
nextgen 129 36 chain 0
nextgen 129 37 chain 0
nextgen 129 38 chain 0
nextgen 129 39 chain 0
nextgen 129 40 chain 0
COMPLETE 129 1 11 0 False
/home/sion2/workspaces/dev/puyo_ai_dev_platform/.venv/lib/python3.12/site-packages/pygame/pkgdata.py:25: UserWarning: pkg_resources is deprecated as an API. See https://setuptools.pypa.io/en/latest/pkg_resources.html. The pkg_resources package is slated for removal as early as 2025-11-30. Refrain from using this package or pin to Setuptools<81.
  from pkg_resources import resource_stream, resource_exists
nextgen 129 1 chain 0
nextgen 129 2 chain 0
nextgen 129 3 chain 0
nextgen 129 4 chain 0
nextgen 129 5 chain 0
nextgen 129 6 chain 0
nextgen 129 7 chain 0
nextgen 129 8 chain 0
nextgen 129 9 chain 0
nextgen 129 10 chain 0
nextgen 129 11 chain 0
nextgen 129 12 chain 0
nextgen 129 13 chain 0
nextgen 129 14 chain 0
nextgen 129 15 chain 0
nextgen 129 16 chain 0
nextgen 129 17 chain 0
nextgen 129 18 chain 0
nextgen 129 19 chain 0
nextgen 129 20 chain 0
nextgen 129 21 chain 0
nextgen 129 22 chain 0
nextgen 129 23 chain 0
nextgen 129 24 chain 0
nextgen 129 25 chain 0
nextgen 129 26 chain 0
nextgen 129 27 chain 11
nextgen 129 28 chain 0
nextgen 129 29 chain 0
nextgen 129 30 chain 0
nextgen 129 31 chain 0
nextgen 129 32 chain 0
nextgen 129 33 chain 0
nextgen 129 34 chain 0
nextgen 129 35 chain 0
nextgen 129 36 chain 0
nextgen 129 37 chain 0
nextgen 129 38 chain 0
nextgen 129 39 chain 0
nextgen 129 40 chain 0
COMPLETE 129 2 11 0 False
/home/sion2/workspaces/dev/puyo_ai_dev_platform/.venv/lib/python3.12/site-packages/pygame/pkgdata.py:25: UserWarning: pkg_resources is deprecated as an API. See https://setuptools.pypa.io/en/latest/pkg_resources.html. The pkg_resources package is slated for removal as early as 2025-11-30. Refrain from using this package or pin to Setuptools<81.
  from pkg_resources import resource_stream, resource_exists
nextgen 130 1 chain 0
nextgen 130 2 chain 0
nextgen 130 3 chain 0
nextgen 130 4 chain 0
nextgen 130 5 chain 0
nextgen 130 6 chain 0
nextgen 130 7 chain 0
nextgen 130 8 chain 0
nextgen 130 9 chain 0
nextgen 130 10 chain 0
nextgen 130 11 chain 0
nextgen 130 12 chain 0
nextgen 130 13 chain 0
nextgen 130 14 chain 0
nextgen 130 15 chain 0
nextgen 130 16 chain 0
nextgen 130 17 chain 0
nextgen 130 18 chain 0
nextgen 130 19 chain 0
nextgen 130 20 chain 0
nextgen 130 21 chain 0
nextgen 130 22 chain 0
nextgen 130 23 chain 0
nextgen 130 24 chain 0
nextgen 130 25 chain 0
nextgen 130 26 chain 0
nextgen 130 27 chain 10
nextgen 130 28 chain 0
nextgen 130 29 chain 0
nextgen 130 30 chain 0
nextgen 130 31 chain 0
nextgen 130 32 chain 0
nextgen 130 33 chain 0
nextgen 130 34 chain 0
nextgen 130 35 chain 0
nextgen 130 36 chain 0
nextgen 130 37 chain 0
nextgen 130 38 chain 0
nextgen 130 39 chain 0
nextgen 130 40 chain 0
COMPLETE 130 1 10 0 False
/home/sion2/workspaces/dev/puyo_ai_dev_platform/.venv/lib/python3.12/site-packages/pygame/pkgdata.py:25: UserWarning: pkg_resources is deprecated as an API. See https://setuptools.pypa.io/en/latest/pkg_resources.html. The pkg_resources package is slated for removal as early as 2025-11-30. Refrain from using this package or pin to Setuptools<81.
  from pkg_resources import resource_stream, resource_exists
nextgen 130 1 chain 0
nextgen 130 2 chain 0
nextgen 130 3 chain 0
nextgen 130 4 chain 0
nextgen 130 5 chain 0
nextgen 130 6 chain 0
nextgen 130 7 chain 0
nextgen 130 8 chain 0
nextgen 130 9 chain 0
nextgen 130 10 chain 0
nextgen 130 11 chain 0
nextgen 130 12 chain 0
nextgen 130 13 chain 0
nextgen 130 14 chain 0
nextgen 130 15 chain 0
nextgen 130 16 chain 0
nextgen 130 17 chain 0
nextgen 130 18 chain 0
nextgen 130 19 chain 0
nextgen 130 20 chain 0
nextgen 130 21 chain 0
nextgen 130 22 chain 0
nextgen 130 23 chain 0
nextgen 130 24 chain 0
nextgen 130 25 chain 0
nextgen 130 26 chain 0
nextgen 130 27 chain 10
nextgen 130 28 chain 0
nextgen 130 29 chain 0
nextgen 130 30 chain 0
nextgen 130 31 chain 0
nextgen 130 32 chain 0
nextgen 130 33 chain 0
nextgen 130 34 chain 0
nextgen 130 35 chain 0
nextgen 130 36 chain 0
nextgen 130 37 chain 0
nextgen 130 38 chain 0
nextgen 130 39 chain 0
nextgen 130 40 chain 0
COMPLETE 130 2 10 0 False
/home/sion2/workspaces/dev/puyo_ai_dev_platform/.venv/lib/python3.12/site-packages/pygame/pkgdata.py:25: UserWarning: pkg_resources is deprecated as an API. See https://setuptools.pypa.io/en/latest/pkg_resources.html. The pkg_resources package is slated for removal as early as 2025-11-30. Refrain from using this package or pin to Setuptools<81.
  from pkg_resources import resource_stream, resource_exists
nextgen 131 1 chain 0
nextgen 131 2 chain 0
nextgen 131 3 chain 0
nextgen 131 4 chain 0
nextgen 131 5 chain 0
nextgen 131 6 chain 0
nextgen 131 7 chain 0
nextgen 131 8 chain 0
nextgen 131 9 chain 0
nextgen 131 10 chain 0
nextgen 131 11 chain 0
nextgen 131 12 chain 0
nextgen 131 13 chain 0
nextgen 131 14 chain 0
nextgen 131 15 chain 0
nextgen 131 16 chain 0
nextgen 131 17 chain 0
nextgen 131 18 chain 0
nextgen 131 19 chain 0
nextgen 131 20 chain 0
nextgen 131 21 chain 0
nextgen 131 22 chain 0
nextgen 131 23 chain 0
nextgen 131 24 chain 10
nextgen 131 25 chain 0
nextgen 131 26 chain 0
nextgen 131 27 chain 0
nextgen 131 28 chain 0
nextgen 131 29 chain 0
nextgen 131 30 chain 0
nextgen 131 31 chain 0
nextgen 131 32 chain 0
nextgen 131 33 chain 0
nextgen 131 34 chain 0
nextgen 131 35 chain 0
nextgen 131 36 chain 0
nextgen 131 37 chain 0
nextgen 131 38 chain 0
nextgen 131 39 chain 0
nextgen 131 40 chain 0
COMPLETE 131 1 10 0 False
/home/sion2/workspaces/dev/puyo_ai_dev_platform/.venv/lib/python3.12/site-packages/pygame/pkgdata.py:25: UserWarning: pkg_resources is deprecated as an API. See https://setuptools.pypa.io/en/latest/pkg_resources.html. The pkg_resources package is slated for removal as early as 2025-11-30. Refrain from using this package or pin to Setuptools<81.
  from pkg_resources import resource_stream, resource_exists
nextgen 131 1 chain 0
nextgen 131 2 chain 0
nextgen 131 3 chain 0
nextgen 131 4 chain 0
nextgen 131 5 chain 0
nextgen 131 6 chain 0
nextgen 131 7 chain 0
nextgen 131 8 chain 0
nextgen 131 9 chain 0
nextgen 131 10 chain 0
nextgen 131 11 chain 0
nextgen 131 12 chain 0
nextgen 131 13 chain 0
nextgen 131 14 chain 0
nextgen 131 15 chain 0
nextgen 131 16 chain 0
nextgen 131 17 chain 0
nextgen 131 18 chain 0
nextgen 131 19 chain 0
nextgen 131 20 chain 0
nextgen 131 21 chain 0
nextgen 131 22 chain 0
nextgen 131 23 chain 0
nextgen 131 24 chain 10
nextgen 131 25 chain 0
nextgen 131 26 chain 0
nextgen 131 27 chain 0
nextgen 131 28 chain 0
nextgen 131 29 chain 0
nextgen 131 30 chain 0
nextgen 131 31 chain 0
nextgen 131 32 chain 0
nextgen 131 33 chain 0
nextgen 131 34 chain 0
nextgen 131 35 chain 0
nextgen 131 36 chain 0
nextgen 131 37 chain 0
nextgen 131 38 chain 0
nextgen 131 39 chain 0
nextgen 131 40 chain 0
COMPLETE 131 2 10 0 False
/home/sion2/workspaces/dev/puyo_ai_dev_platform/.venv/lib/python3.12/site-packages/pygame/pkgdata.py:25: UserWarning: pkg_resources is deprecated as an API. See https://setuptools.pypa.io/en/latest/pkg_resources.html. The pkg_resources package is slated for removal as early as 2025-11-30. Refrain from using this package or pin to Setuptools<81.
  from pkg_resources import resource_stream, resource_exists
nextgen 132 1 chain 0
nextgen 132 2 chain 0
nextgen 132 3 chain 0
nextgen 132 4 chain 0
nextgen 132 5 chain 0
nextgen 132 6 chain 0
nextgen 132 7 chain 0
nextgen 132 8 chain 0
nextgen 132 9 chain 0
nextgen 132 10 chain 0
nextgen 132 11 chain 0
nextgen 132 12 chain 0
nextgen 132 13 chain 0
nextgen 132 14 chain 0
nextgen 132 15 chain 0
nextgen 132 16 chain 0
nextgen 132 17 chain 0
nextgen 132 18 chain 0
nextgen 132 19 chain 0
nextgen 132 20 chain 0
nextgen 132 21 chain 0
nextgen 132 22 chain 0
nextgen 132 23 chain 0
nextgen 132 24 chain 0
nextgen 132 25 chain 0
nextgen 132 26 chain 0
nextgen 132 27 chain 0
nextgen 132 28 chain 0
nextgen 132 29 chain 0
nextgen 132 30 chain 0
nextgen 132 31 chain 0
nextgen 132 32 chain 0
nextgen 132 33 chain 0
COMPLETE 132 1 0 0 True
/home/sion2/workspaces/dev/puyo_ai_dev_platform/.venv/lib/python3.12/site-packages/pygame/pkgdata.py:25: UserWarning: pkg_resources is deprecated as an API. See https://setuptools.pypa.io/en/latest/pkg_resources.html. The pkg_resources package is slated for removal as early as 2025-11-30. Refrain from using this package or pin to Setuptools<81.
  from pkg_resources import resource_stream, resource_exists
nextgen 132 1 chain 0
nextgen 132 2 chain 0
nextgen 132 3 chain 0
nextgen 132 4 chain 0
nextgen 132 5 chain 0
nextgen 132 6 chain 0
nextgen 132 7 chain 0
nextgen 132 8 chain 0
nextgen 132 9 chain 0
nextgen 132 10 chain 0
nextgen 132 11 chain 0
nextgen 132 12 chain 0
nextgen 132 13 chain 0
nextgen 132 14 chain 0
nextgen 132 15 chain 0
nextgen 132 16 chain 0
nextgen 132 17 chain 0
nextgen 132 18 chain 0
nextgen 132 19 chain 0
nextgen 132 20 chain 0
nextgen 132 21 chain 0
nextgen 132 22 chain 0
nextgen 132 23 chain 0
nextgen 132 24 chain 0
nextgen 132 25 chain 0
nextgen 132 26 chain 0
nextgen 132 27 chain 0
nextgen 132 28 chain 0
nextgen 132 29 chain 0
nextgen 132 30 chain 0
nextgen 132 31 chain 0
nextgen 132 32 chain 0
nextgen 132 33 chain 0
COMPLETE 132 2 0 0 True
/home/sion2/workspaces/dev/puyo_ai_dev_platform/.venv/lib/python3.12/site-packages/pygame/pkgdata.py:25: UserWarning: pkg_resources is deprecated as an API. See https://setuptools.pypa.io/en/latest/pkg_resources.html. The pkg_resources package is slated for removal as early as 2025-11-30. Refrain from using this package or pin to Setuptools<81.
  from pkg_resources import resource_stream, resource_exists
nextgen 133 1 chain 0
nextgen 133 2 chain 0
nextgen 133 3 chain 0
nextgen 133 4 chain 0
nextgen 133 5 chain 0
nextgen 133 6 chain 0
nextgen 133 7 chain 0
nextgen 133 8 chain 0
nextgen 133 9 chain 0
nextgen 133 10 chain 0
nextgen 133 11 chain 0
nextgen 133 12 chain 0
nextgen 133 13 chain 0
nextgen 133 14 chain 0
nextgen 133 15 chain 0
nextgen 133 16 chain 0
nextgen 133 17 chain 0
nextgen 133 18 chain 0
nextgen 133 19 chain 0
nextgen 133 20 chain 0
nextgen 133 21 chain 0
nextgen 133 22 chain 0
nextgen 133 23 chain 0
nextgen 133 24 chain 0
nextgen 133 25 chain 0
nextgen 133 26 chain 0
nextgen 133 27 chain 0
nextgen 133 28 chain 0
nextgen 133 29 chain 0
nextgen 133 30 chain 0
nextgen 133 31 chain 0
nextgen 133 32 chain 0
nextgen 133 33 chain 0
nextgen 133 34 chain 12
nextgen 133 35 chain 0
nextgen 133 36 chain 0
nextgen 133 37 chain 0
nextgen 133 38 chain 0
nextgen 133 39 chain 0
nextgen 133 40 chain 0
COMPLETE 133 1 12 0 False
/home/sion2/workspaces/dev/puyo_ai_dev_platform/.venv/lib/python3.12/site-packages/pygame/pkgdata.py:25: UserWarning: pkg_resources is deprecated as an API. See https://setuptools.pypa.io/en/latest/pkg_resources.html. The pkg_resources package is slated for removal as early as 2025-11-30. Refrain from using this package or pin to Setuptools<81.
  from pkg_resources import resource_stream, resource_exists
nextgen 133 1 chain 0
nextgen 133 2 chain 0
nextgen 133 3 chain 0
nextgen 133 4 chain 0
nextgen 133 5 chain 0
nextgen 133 6 chain 0
nextgen 133 7 chain 0
nextgen 133 8 chain 0
nextgen 133 9 chain 0
nextgen 133 10 chain 0
nextgen 133 11 chain 0
nextgen 133 12 chain 0
nextgen 133 13 chain 0
nextgen 133 14 chain 0
nextgen 133 15 chain 0
nextgen 133 16 chain 0
nextgen 133 17 chain 0
nextgen 133 18 chain 0
nextgen 133 19 chain 0
nextgen 133 20 chain 0
nextgen 133 21 chain 0
nextgen 133 22 chain 0
nextgen 133 23 chain 0
nextgen 133 24 chain 0
nextgen 133 25 chain 0
nextgen 133 26 chain 0
nextgen 133 27 chain 0
nextgen 133 28 chain 0
nextgen 133 29 chain 0
nextgen 133 30 chain 0
nextgen 133 31 chain 0
nextgen 133 32 chain 0
nextgen 133 33 chain 0
nextgen 133 34 chain 12
nextgen 133 35 chain 0
nextgen 133 36 chain 0
nextgen 133 37 chain 0
nextgen 133 38 chain 0
nextgen 133 39 chain 0
nextgen 133 40 chain 0
COMPLETE 133 2 12 0 False
/home/sion2/workspaces/dev/puyo_ai_dev_platform/.venv/lib/python3.12/site-packages/pygame/pkgdata.py:25: UserWarning: pkg_resources is deprecated as an API. See https://setuptools.pypa.io/en/latest/pkg_resources.html. The pkg_resources package is slated for removal as early as 2025-11-30. Refrain from using this package or pin to Setuptools<81.
  from pkg_resources import resource_stream, resource_exists
nextgen 134 1 chain 0
nextgen 134 2 chain 0
nextgen 134 3 chain 0
nextgen 134 4 chain 0
nextgen 134 5 chain 0
nextgen 134 6 chain 0
nextgen 134 7 chain 0
nextgen 134 8 chain 0
nextgen 134 9 chain 0
nextgen 134 10 chain 0
nextgen 134 11 chain 0
nextgen 134 12 chain 0
nextgen 134 13 chain 0
nextgen 134 14 chain 0
nextgen 134 15 chain 0
nextgen 134 16 chain 0
nextgen 134 17 chain 0
nextgen 134 18 chain 0
nextgen 134 19 chain 0
nextgen 134 20 chain 0
nextgen 134 21 chain 0
nextgen 134 22 chain 10
nextgen 134 23 chain 0
nextgen 134 24 chain 0
nextgen 134 25 chain 0
nextgen 134 26 chain 0
nextgen 134 27 chain 0
nextgen 134 28 chain 0
nextgen 134 29 chain 0
nextgen 134 30 chain 0
nextgen 134 31 chain 0
nextgen 134 32 chain 0
nextgen 134 33 chain 0
nextgen 134 34 chain 0
nextgen 134 35 chain 0
nextgen 134 36 chain 0
nextgen 134 37 chain 0
nextgen 134 38 chain 0
nextgen 134 39 chain 0
nextgen 134 40 chain 0
COMPLETE 134 1 10 0 False
/home/sion2/workspaces/dev/puyo_ai_dev_platform/.venv/lib/python3.12/site-packages/pygame/pkgdata.py:25: UserWarning: pkg_resources is deprecated as an API. See https://setuptools.pypa.io/en/latest/pkg_resources.html. The pkg_resources package is slated for removal as early as 2025-11-30. Refrain from using this package or pin to Setuptools<81.
  from pkg_resources import resource_stream, resource_exists
nextgen 134 1 chain 0
nextgen 134 2 chain 0
nextgen 134 3 chain 0
nextgen 134 4 chain 0
nextgen 134 5 chain 0
nextgen 134 6 chain 0
nextgen 134 7 chain 0
nextgen 134 8 chain 0
nextgen 134 9 chain 0
nextgen 134 10 chain 0
nextgen 134 11 chain 0
nextgen 134 12 chain 0
nextgen 134 13 chain 0
nextgen 134 14 chain 0
nextgen 134 15 chain 0
nextgen 134 16 chain 0
nextgen 134 17 chain 0
nextgen 134 18 chain 0
nextgen 134 19 chain 0
nextgen 134 20 chain 0
nextgen 134 21 chain 0
nextgen 134 22 chain 10
nextgen 134 23 chain 0
nextgen 134 24 chain 0
nextgen 134 25 chain 0
nextgen 134 26 chain 0
nextgen 134 27 chain 0
nextgen 134 28 chain 0
nextgen 134 29 chain 0
nextgen 134 30 chain 0
nextgen 134 31 chain 0
nextgen 134 32 chain 0
nextgen 134 33 chain 0
nextgen 134 34 chain 0
nextgen 134 35 chain 0
nextgen 134 36 chain 0
nextgen 134 37 chain 0
nextgen 134 38 chain 0
nextgen 134 39 chain 0
nextgen 134 40 chain 0
COMPLETE 134 2 10 0 False
/home/sion2/workspaces/dev/puyo_ai_dev_platform/.venv/lib/python3.12/site-packages/pygame/pkgdata.py:25: UserWarning: pkg_resources is deprecated as an API. See https://setuptools.pypa.io/en/latest/pkg_resources.html. The pkg_resources package is slated for removal as early as 2025-11-30. Refrain from using this package or pin to Setuptools<81.
  from pkg_resources import resource_stream, resource_exists
nextgen 135 1 chain 0
nextgen 135 2 chain 0
nextgen 135 3 chain 0
nextgen 135 4 chain 0
nextgen 135 5 chain 0
nextgen 135 6 chain 0
nextgen 135 7 chain 1
nextgen 135 8 chain 0
nextgen 135 9 chain 1
nextgen 135 10 chain 0
nextgen 135 11 chain 0
nextgen 135 12 chain 0
nextgen 135 13 chain 0
nextgen 135 14 chain 0
nextgen 135 15 chain 0
nextgen 135 16 chain 0
nextgen 135 17 chain 0
nextgen 135 18 chain 0
nextgen 135 19 chain 0
nextgen 135 20 chain 0
nextgen 135 21 chain 0
nextgen 135 22 chain 0
nextgen 135 23 chain 0
nextgen 135 24 chain 0
nextgen 135 25 chain 0
nextgen 135 26 chain 0
nextgen 135 27 chain 0
nextgen 135 28 chain 0
nextgen 135 29 chain 0
nextgen 135 30 chain 0
nextgen 135 31 chain 0
nextgen 135 32 chain 0
nextgen 135 33 chain 0
nextgen 135 34 chain 0
nextgen 135 35 chain 0
nextgen 135 36 chain 0
nextgen 135 37 chain 0
COMPLETE 135 1 1 2 True
/home/sion2/workspaces/dev/puyo_ai_dev_platform/.venv/lib/python3.12/site-packages/pygame/pkgdata.py:25: UserWarning: pkg_resources is deprecated as an API. See https://setuptools.pypa.io/en/latest/pkg_resources.html. The pkg_resources package is slated for removal as early as 2025-11-30. Refrain from using this package or pin to Setuptools<81.
  from pkg_resources import resource_stream, resource_exists
nextgen 135 1 chain 0
nextgen 135 2 chain 0
nextgen 135 3 chain 0
nextgen 135 4 chain 0
nextgen 135 5 chain 0
nextgen 135 6 chain 0
nextgen 135 7 chain 1
nextgen 135 8 chain 0
nextgen 135 9 chain 1
nextgen 135 10 chain 0
nextgen 135 11 chain 0
nextgen 135 12 chain 0
nextgen 135 13 chain 0
nextgen 135 14 chain 0
nextgen 135 15 chain 0
nextgen 135 16 chain 0
nextgen 135 17 chain 0
nextgen 135 18 chain 0
nextgen 135 19 chain 0
nextgen 135 20 chain 0
nextgen 135 21 chain 0
nextgen 135 22 chain 0
nextgen 135 23 chain 0
nextgen 135 24 chain 0
nextgen 135 25 chain 0
nextgen 135 26 chain 0
nextgen 135 27 chain 0
nextgen 135 28 chain 0
nextgen 135 29 chain 0
nextgen 135 30 chain 0
nextgen 135 31 chain 0
nextgen 135 32 chain 0
nextgen 135 33 chain 0
nextgen 135 34 chain 0
nextgen 135 35 chain 0
nextgen 135 36 chain 0
nextgen 135 37 chain 0
COMPLETE 135 2 1 2 True
/home/sion2/workspaces/dev/puyo_ai_dev_platform/.venv/lib/python3.12/site-packages/pygame/pkgdata.py:25: UserWarning: pkg_resources is deprecated as an API. See https://setuptools.pypa.io/en/latest/pkg_resources.html. The pkg_resources package is slated for removal as early as 2025-11-30. Refrain from using this package or pin to Setuptools<81.
  from pkg_resources import resource_stream, resource_exists
nextgen 136 1 chain 0
nextgen 136 2 chain 0
nextgen 136 3 chain 0
nextgen 136 4 chain 0
nextgen 136 5 chain 0
nextgen 136 6 chain 0
nextgen 136 7 chain 0
nextgen 136 8 chain 0
nextgen 136 9 chain 0
nextgen 136 10 chain 0
nextgen 136 11 chain 0
nextgen 136 12 chain 0
nextgen 136 13 chain 0
nextgen 136 14 chain 0
nextgen 136 15 chain 0
nextgen 136 16 chain 0
nextgen 136 17 chain 0
nextgen 136 18 chain 0
nextgen 136 19 chain 0
nextgen 136 20 chain 0
nextgen 136 21 chain 0
nextgen 136 22 chain 0
nextgen 136 23 chain 0
nextgen 136 24 chain 0
nextgen 136 25 chain 0
nextgen 136 26 chain 0
nextgen 136 27 chain 0
nextgen 136 28 chain 0
nextgen 136 29 chain 0
nextgen 136 30 chain 0
nextgen 136 31 chain 0
nextgen 136 32 chain 0
nextgen 136 33 chain 0
nextgen 136 34 chain 0
nextgen 136 35 chain 0
nextgen 136 36 chain 0
nextgen 136 37 chain 0
nextgen 136 38 chain 0
nextgen 136 39 chain 11
nextgen 136 40 chain 0
COMPLETE 136 1 11 0 False
/home/sion2/workspaces/dev/puyo_ai_dev_platform/.venv/lib/python3.12/site-packages/pygame/pkgdata.py:25: UserWarning: pkg_resources is deprecated as an API. See https://setuptools.pypa.io/en/latest/pkg_resources.html. The pkg_resources package is slated for removal as early as 2025-11-30. Refrain from using this package or pin to Setuptools<81.
  from pkg_resources import resource_stream, resource_exists
nextgen 136 1 chain 0
nextgen 136 2 chain 0
nextgen 136 3 chain 0
nextgen 136 4 chain 0
nextgen 136 5 chain 0
nextgen 136 6 chain 0
nextgen 136 7 chain 0
nextgen 136 8 chain 0
nextgen 136 9 chain 0
nextgen 136 10 chain 0
nextgen 136 11 chain 0
nextgen 136 12 chain 0
nextgen 136 13 chain 0
nextgen 136 14 chain 0
nextgen 136 15 chain 0
nextgen 136 16 chain 0
nextgen 136 17 chain 0
nextgen 136 18 chain 0
nextgen 136 19 chain 0
nextgen 136 20 chain 0
nextgen 136 21 chain 0
nextgen 136 22 chain 0
nextgen 136 23 chain 0
nextgen 136 24 chain 0
nextgen 136 25 chain 0
nextgen 136 26 chain 0
nextgen 136 27 chain 0
nextgen 136 28 chain 0
nextgen 136 29 chain 0
nextgen 136 30 chain 0
nextgen 136 31 chain 0
nextgen 136 32 chain 0
nextgen 136 33 chain 0
nextgen 136 34 chain 0
nextgen 136 35 chain 0
nextgen 136 36 chain 0
nextgen 136 37 chain 0
nextgen 136 38 chain 0
nextgen 136 39 chain 11
nextgen 136 40 chain 0
COMPLETE 136 2 11 0 False
/home/sion2/workspaces/dev/puyo_ai_dev_platform/.venv/lib/python3.12/site-packages/pygame/pkgdata.py:25: UserWarning: pkg_resources is deprecated as an API. See https://setuptools.pypa.io/en/latest/pkg_resources.html. The pkg_resources package is slated for removal as early as 2025-11-30. Refrain from using this package or pin to Setuptools<81.
  from pkg_resources import resource_stream, resource_exists
nextgen 137 1 chain 0
nextgen 137 2 chain 0
nextgen 137 3 chain 0
nextgen 137 4 chain 0
nextgen 137 5 chain 0
nextgen 137 6 chain 0
nextgen 137 7 chain 0
nextgen 137 8 chain 0
nextgen 137 9 chain 0
nextgen 137 10 chain 0
nextgen 137 11 chain 0
nextgen 137 12 chain 0
nextgen 137 13 chain 0
nextgen 137 14 chain 0
nextgen 137 15 chain 0
nextgen 137 16 chain 0
nextgen 137 17 chain 0
nextgen 137 18 chain 0
nextgen 137 19 chain 0
nextgen 137 20 chain 0
nextgen 137 21 chain 0
nextgen 137 22 chain 0
nextgen 137 23 chain 0
nextgen 137 24 chain 0
nextgen 137 25 chain 0
nextgen 137 26 chain 0
nextgen 137 27 chain 0
nextgen 137 28 chain 0
nextgen 137 29 chain 0
nextgen 137 30 chain 0
nextgen 137 31 chain 0
nextgen 137 32 chain 0
nextgen 137 33 chain 0
nextgen 137 34 chain 12
nextgen 137 35 chain 0
nextgen 137 36 chain 0
nextgen 137 37 chain 0
nextgen 137 38 chain 0
nextgen 137 39 chain 0
nextgen 137 40 chain 0
COMPLETE 137 1 12 0 False
/home/sion2/workspaces/dev/puyo_ai_dev_platform/.venv/lib/python3.12/site-packages/pygame/pkgdata.py:25: UserWarning: pkg_resources is deprecated as an API. See https://setuptools.pypa.io/en/latest/pkg_resources.html. The pkg_resources package is slated for removal as early as 2025-11-30. Refrain from using this package or pin to Setuptools<81.
  from pkg_resources import resource_stream, resource_exists
nextgen 137 1 chain 0
nextgen 137 2 chain 0
nextgen 137 3 chain 0
nextgen 137 4 chain 0
nextgen 137 5 chain 0
nextgen 137 6 chain 0
nextgen 137 7 chain 0
nextgen 137 8 chain 0
nextgen 137 9 chain 0
nextgen 137 10 chain 0
nextgen 137 11 chain 0
nextgen 137 12 chain 0
nextgen 137 13 chain 0
nextgen 137 14 chain 0
nextgen 137 15 chain 0
nextgen 137 16 chain 0
nextgen 137 17 chain 0
nextgen 137 18 chain 0
nextgen 137 19 chain 0
nextgen 137 20 chain 0
nextgen 137 21 chain 0
nextgen 137 22 chain 0
nextgen 137 23 chain 0
nextgen 137 24 chain 0
nextgen 137 25 chain 0
nextgen 137 26 chain 0
nextgen 137 27 chain 0
nextgen 137 28 chain 0
nextgen 137 29 chain 0
nextgen 137 30 chain 0
nextgen 137 31 chain 0
nextgen 137 32 chain 0
nextgen 137 33 chain 0
nextgen 137 34 chain 12
nextgen 137 35 chain 0
nextgen 137 36 chain 0
nextgen 137 37 chain 0
nextgen 137 38 chain 0
nextgen 137 39 chain 0
nextgen 137 40 chain 0
COMPLETE 137 2 12 0 False
/home/sion2/workspaces/dev/puyo_ai_dev_platform/.venv/lib/python3.12/site-packages/pygame/pkgdata.py:25: UserWarning: pkg_resources is deprecated as an API. See https://setuptools.pypa.io/en/latest/pkg_resources.html. The pkg_resources package is slated for removal as early as 2025-11-30. Refrain from using this package or pin to Setuptools<81.
  from pkg_resources import resource_stream, resource_exists
nextgen 138 1 chain 0
nextgen 138 2 chain 0
nextgen 138 3 chain 0
nextgen 138 4 chain 0
nextgen 138 5 chain 0
nextgen 138 6 chain 0
nextgen 138 7 chain 0
nextgen 138 8 chain 0
nextgen 138 9 chain 0
nextgen 138 10 chain 0
nextgen 138 11 chain 0
nextgen 138 12 chain 0
nextgen 138 13 chain 0
nextgen 138 14 chain 0
nextgen 138 15 chain 0
nextgen 138 16 chain 0
nextgen 138 17 chain 0
nextgen 138 18 chain 0
nextgen 138 19 chain 0
nextgen 138 20 chain 0
nextgen 138 21 chain 0
nextgen 138 22 chain 0
nextgen 138 23 chain 0
nextgen 138 24 chain 0
nextgen 138 25 chain 0
nextgen 138 26 chain 0
nextgen 138 27 chain 0
nextgen 138 28 chain 0
nextgen 138 29 chain 0
nextgen 138 30 chain 10
nextgen 138 31 chain 0
nextgen 138 32 chain 0
nextgen 138 33 chain 0
nextgen 138 34 chain 0
nextgen 138 35 chain 0
nextgen 138 36 chain 0
nextgen 138 37 chain 0
nextgen 138 38 chain 0
nextgen 138 39 chain 0
nextgen 138 40 chain 0
COMPLETE 138 1 10 0 False
/home/sion2/workspaces/dev/puyo_ai_dev_platform/.venv/lib/python3.12/site-packages/pygame/pkgdata.py:25: UserWarning: pkg_resources is deprecated as an API. See https://setuptools.pypa.io/en/latest/pkg_resources.html. The pkg_resources package is slated for removal as early as 2025-11-30. Refrain from using this package or pin to Setuptools<81.
  from pkg_resources import resource_stream, resource_exists
nextgen 138 1 chain 0
nextgen 138 2 chain 0
nextgen 138 3 chain 0
nextgen 138 4 chain 0
nextgen 138 5 chain 0
nextgen 138 6 chain 0
nextgen 138 7 chain 0
nextgen 138 8 chain 0
nextgen 138 9 chain 0
nextgen 138 10 chain 0
nextgen 138 11 chain 0
nextgen 138 12 chain 0
nextgen 138 13 chain 0
nextgen 138 14 chain 0
nextgen 138 15 chain 0
nextgen 138 16 chain 0
nextgen 138 17 chain 0
nextgen 138 18 chain 0
nextgen 138 19 chain 0
nextgen 138 20 chain 0
nextgen 138 21 chain 0
nextgen 138 22 chain 0
nextgen 138 23 chain 0
nextgen 138 24 chain 0
nextgen 138 25 chain 0
nextgen 138 26 chain 0
nextgen 138 27 chain 0
nextgen 138 28 chain 0
nextgen 138 29 chain 0
nextgen 138 30 chain 10
nextgen 138 31 chain 0
nextgen 138 32 chain 0
nextgen 138 33 chain 0
nextgen 138 34 chain 0
nextgen 138 35 chain 0
nextgen 138 36 chain 0
nextgen 138 37 chain 0
nextgen 138 38 chain 0
nextgen 138 39 chain 0
nextgen 138 40 chain 0
COMPLETE 138 2 10 0 False
/home/sion2/workspaces/dev/puyo_ai_dev_platform/.venv/lib/python3.12/site-packages/pygame/pkgdata.py:25: UserWarning: pkg_resources is deprecated as an API. See https://setuptools.pypa.io/en/latest/pkg_resources.html. The pkg_resources package is slated for removal as early as 2025-11-30. Refrain from using this package or pin to Setuptools<81.
  from pkg_resources import resource_stream, resource_exists
nextgen 139 1 chain 0
nextgen 139 2 chain 0
nextgen 139 3 chain 0
nextgen 139 4 chain 0
nextgen 139 5 chain 0
nextgen 139 6 chain 0
nextgen 139 7 chain 0
nextgen 139 8 chain 0
nextgen 139 9 chain 0
nextgen 139 10 chain 0
nextgen 139 11 chain 0
nextgen 139 12 chain 0
nextgen 139 13 chain 0
nextgen 139 14 chain 0
nextgen 139 15 chain 0
nextgen 139 16 chain 0
nextgen 139 17 chain 0
nextgen 139 18 chain 0
nextgen 139 19 chain 0
nextgen 139 20 chain 0
nextgen 139 21 chain 0
nextgen 139 22 chain 0
nextgen 139 23 chain 0
nextgen 139 24 chain 0
nextgen 139 25 chain 0
nextgen 139 26 chain 0
nextgen 139 27 chain 0
nextgen 139 28 chain 0
nextgen 139 29 chain 0
nextgen 139 30 chain 11
nextgen 139 31 chain 0
nextgen 139 32 chain 0
nextgen 139 33 chain 0
nextgen 139 34 chain 0
nextgen 139 35 chain 0
nextgen 139 36 chain 0
nextgen 139 37 chain 0
nextgen 139 38 chain 0
nextgen 139 39 chain 0
nextgen 139 40 chain 0
COMPLETE 139 1 11 0 False
/home/sion2/workspaces/dev/puyo_ai_dev_platform/.venv/lib/python3.12/site-packages/pygame/pkgdata.py:25: UserWarning: pkg_resources is deprecated as an API. See https://setuptools.pypa.io/en/latest/pkg_resources.html. The pkg_resources package is slated for removal as early as 2025-11-30. Refrain from using this package or pin to Setuptools<81.
  from pkg_resources import resource_stream, resource_exists
nextgen 139 1 chain 0
nextgen 139 2 chain 0
nextgen 139 3 chain 0
nextgen 139 4 chain 0
nextgen 139 5 chain 0
nextgen 139 6 chain 0
nextgen 139 7 chain 0
nextgen 139 8 chain 0
nextgen 139 9 chain 0
nextgen 139 10 chain 0
nextgen 139 11 chain 0
nextgen 139 12 chain 0
nextgen 139 13 chain 0
nextgen 139 14 chain 0
nextgen 139 15 chain 0
nextgen 139 16 chain 0
nextgen 139 17 chain 0
nextgen 139 18 chain 0
nextgen 139 19 chain 0
nextgen 139 20 chain 0
nextgen 139 21 chain 0
nextgen 139 22 chain 0
nextgen 139 23 chain 0
nextgen 139 24 chain 0
nextgen 139 25 chain 0
nextgen 139 26 chain 0
nextgen 139 27 chain 0
nextgen 139 28 chain 0
nextgen 139 29 chain 0
nextgen 139 30 chain 11
nextgen 139 31 chain 0
nextgen 139 32 chain 0
nextgen 139 33 chain 0
nextgen 139 34 chain 0
nextgen 139 35 chain 0
nextgen 139 36 chain 0
nextgen 139 37 chain 0
nextgen 139 38 chain 0
nextgen 139 39 chain 0
nextgen 139 40 chain 0
COMPLETE 139 2 11 0 False
/home/sion2/workspaces/dev/puyo_ai_dev_platform/.venv/lib/python3.12/site-packages/pygame/pkgdata.py:25: UserWarning: pkg_resources is deprecated as an API. See https://setuptools.pypa.io/en/latest/pkg_resources.html. The pkg_resources package is slated for removal as early as 2025-11-30. Refrain from using this package or pin to Setuptools<81.
  from pkg_resources import resource_stream, resource_exists
nextgen 140 1 chain 0
nextgen 140 2 chain 0
nextgen 140 3 chain 0
nextgen 140 4 chain 0
nextgen 140 5 chain 0
nextgen 140 6 chain 0
nextgen 140 7 chain 0
nextgen 140 8 chain 0
nextgen 140 9 chain 0
nextgen 140 10 chain 0
nextgen 140 11 chain 0
nextgen 140 12 chain 0
nextgen 140 13 chain 0
nextgen 140 14 chain 0
nextgen 140 15 chain 0
nextgen 140 16 chain 0
nextgen 140 17 chain 0
nextgen 140 18 chain 0
nextgen 140 19 chain 0
nextgen 140 20 chain 0
nextgen 140 21 chain 0
nextgen 140 22 chain 0
nextgen 140 23 chain 0
nextgen 140 24 chain 0
nextgen 140 25 chain 0
nextgen 140 26 chain 0
nextgen 140 27 chain 0
nextgen 140 28 chain 0
nextgen 140 29 chain 0
nextgen 140 30 chain 10
nextgen 140 31 chain 0
nextgen 140 32 chain 0
nextgen 140 33 chain 0
nextgen 140 34 chain 0
nextgen 140 35 chain 0
nextgen 140 36 chain 0
nextgen 140 37 chain 0
nextgen 140 38 chain 0
nextgen 140 39 chain 0
nextgen 140 40 chain 0
COMPLETE 140 1 10 0 False
/home/sion2/workspaces/dev/puyo_ai_dev_platform/.venv/lib/python3.12/site-packages/pygame/pkgdata.py:25: UserWarning: pkg_resources is deprecated as an API. See https://setuptools.pypa.io/en/latest/pkg_resources.html. The pkg_resources package is slated for removal as early as 2025-11-30. Refrain from using this package or pin to Setuptools<81.
  from pkg_resources import resource_stream, resource_exists
nextgen 140 1 chain 0
nextgen 140 2 chain 0
nextgen 140 3 chain 0
nextgen 140 4 chain 0
nextgen 140 5 chain 0
nextgen 140 6 chain 0
nextgen 140 7 chain 0
nextgen 140 8 chain 0
nextgen 140 9 chain 0
nextgen 140 10 chain 0
nextgen 140 11 chain 0
nextgen 140 12 chain 0
nextgen 140 13 chain 0
nextgen 140 14 chain 0
nextgen 140 15 chain 0
nextgen 140 16 chain 0
nextgen 140 17 chain 0
nextgen 140 18 chain 0
nextgen 140 19 chain 0
nextgen 140 20 chain 0
nextgen 140 21 chain 0
nextgen 140 22 chain 0
nextgen 140 23 chain 0
nextgen 140 24 chain 0
nextgen 140 25 chain 0
nextgen 140 26 chain 0
nextgen 140 27 chain 0
nextgen 140 28 chain 0
nextgen 140 29 chain 0
nextgen 140 30 chain 10
nextgen 140 31 chain 0
nextgen 140 32 chain 0
nextgen 140 33 chain 0
nextgen 140 34 chain 0
nextgen 140 35 chain 0
nextgen 140 36 chain 0
nextgen 140 37 chain 0
nextgen 140 38 chain 0
nextgen 140 39 chain 0
nextgen 140 40 chain 0
COMPLETE 140 2 10 0 False
/home/sion2/workspaces/dev/puyo_ai_dev_platform/.venv/lib/python3.12/site-packages/pygame/pkgdata.py:25: UserWarning: pkg_resources is deprecated as an API. See https://setuptools.pypa.io/en/latest/pkg_resources.html. The pkg_resources package is slated for removal as early as 2025-11-30. Refrain from using this package or pin to Setuptools<81.
  from pkg_resources import resource_stream, resource_exists
nextgen 141 1 chain 0
nextgen 141 2 chain 0
nextgen 141 3 chain 0
nextgen 141 4 chain 0
nextgen 141 5 chain 0
nextgen 141 6 chain 0
nextgen 141 7 chain 0
nextgen 141 8 chain 0
nextgen 141 9 chain 0
nextgen 141 10 chain 0
nextgen 141 11 chain 0
nextgen 141 12 chain 0
nextgen 141 13 chain 0
nextgen 141 14 chain 0
nextgen 141 15 chain 0
nextgen 141 16 chain 0
nextgen 141 17 chain 0
nextgen 141 18 chain 0
nextgen 141 19 chain 0
nextgen 141 20 chain 0
nextgen 141 21 chain 0
nextgen 141 22 chain 0
nextgen 141 23 chain 0
nextgen 141 24 chain 10
nextgen 141 25 chain 0
nextgen 141 26 chain 0
nextgen 141 27 chain 0
nextgen 141 28 chain 0
nextgen 141 29 chain 0
nextgen 141 30 chain 0
nextgen 141 31 chain 0
nextgen 141 32 chain 0
nextgen 141 33 chain 0
nextgen 141 34 chain 0
nextgen 141 35 chain 0
nextgen 141 36 chain 0
nextgen 141 37 chain 0
nextgen 141 38 chain 0
nextgen 141 39 chain 0
nextgen 141 40 chain 0
COMPLETE 141 1 10 0 False
/home/sion2/workspaces/dev/puyo_ai_dev_platform/.venv/lib/python3.12/site-packages/pygame/pkgdata.py:25: UserWarning: pkg_resources is deprecated as an API. See https://setuptools.pypa.io/en/latest/pkg_resources.html. The pkg_resources package is slated for removal as early as 2025-11-30. Refrain from using this package or pin to Setuptools<81.
  from pkg_resources import resource_stream, resource_exists
nextgen 141 1 chain 0
nextgen 141 2 chain 0
nextgen 141 3 chain 0
nextgen 141 4 chain 0
nextgen 141 5 chain 0
nextgen 141 6 chain 0
nextgen 141 7 chain 0
nextgen 141 8 chain 0
nextgen 141 9 chain 0
nextgen 141 10 chain 0
nextgen 141 11 chain 0
nextgen 141 12 chain 0
nextgen 141 13 chain 0
nextgen 141 14 chain 0
nextgen 141 15 chain 0
nextgen 141 16 chain 0
nextgen 141 17 chain 0
nextgen 141 18 chain 0
nextgen 141 19 chain 0
nextgen 141 20 chain 0
nextgen 141 21 chain 0
nextgen 141 22 chain 0
nextgen 141 23 chain 0
nextgen 141 24 chain 10
nextgen 141 25 chain 0
nextgen 141 26 chain 0
nextgen 141 27 chain 0
nextgen 141 28 chain 0
nextgen 141 29 chain 0
nextgen 141 30 chain 0
nextgen 141 31 chain 0
nextgen 141 32 chain 0
nextgen 141 33 chain 0
nextgen 141 34 chain 0
nextgen 141 35 chain 0
nextgen 141 36 chain 0
nextgen 141 37 chain 0
nextgen 141 38 chain 0
nextgen 141 39 chain 0
nextgen 141 40 chain 0
COMPLETE 141 2 10 0 False
/home/sion2/workspaces/dev/puyo_ai_dev_platform/.venv/lib/python3.12/site-packages/pygame/pkgdata.py:25: UserWarning: pkg_resources is deprecated as an API. See https://setuptools.pypa.io/en/latest/pkg_resources.html. The pkg_resources package is slated for removal as early as 2025-11-30. Refrain from using this package or pin to Setuptools<81.
  from pkg_resources import resource_stream, resource_exists
nextgen 142 1 chain 0
nextgen 142 2 chain 0
nextgen 142 3 chain 0
nextgen 142 4 chain 0
nextgen 142 5 chain 0
nextgen 142 6 chain 0
nextgen 142 7 chain 0
nextgen 142 8 chain 0
nextgen 142 9 chain 0
nextgen 142 10 chain 0
nextgen 142 11 chain 0
nextgen 142 12 chain 0
nextgen 142 13 chain 0
nextgen 142 14 chain 0
nextgen 142 15 chain 0
nextgen 142 16 chain 0
nextgen 142 17 chain 0
nextgen 142 18 chain 0
nextgen 142 19 chain 0
nextgen 142 20 chain 0
nextgen 142 21 chain 0
nextgen 142 22 chain 0
nextgen 142 23 chain 0
nextgen 142 24 chain 0
nextgen 142 25 chain 0
nextgen 142 26 chain 0
nextgen 142 27 chain 0
nextgen 142 28 chain 0
nextgen 142 29 chain 10
nextgen 142 30 chain 0
nextgen 142 31 chain 0
nextgen 142 32 chain 0
nextgen 142 33 chain 0
nextgen 142 34 chain 0
nextgen 142 35 chain 0
nextgen 142 36 chain 0
nextgen 142 37 chain 0
nextgen 142 38 chain 0
nextgen 142 39 chain 0
nextgen 142 40 chain 0
COMPLETE 142 1 10 0 False
/home/sion2/workspaces/dev/puyo_ai_dev_platform/.venv/lib/python3.12/site-packages/pygame/pkgdata.py:25: UserWarning: pkg_resources is deprecated as an API. See https://setuptools.pypa.io/en/latest/pkg_resources.html. The pkg_resources package is slated for removal as early as 2025-11-30. Refrain from using this package or pin to Setuptools<81.
  from pkg_resources import resource_stream, resource_exists
nextgen 142 1 chain 0
nextgen 142 2 chain 0
nextgen 142 3 chain 0
nextgen 142 4 chain 0
nextgen 142 5 chain 0
nextgen 142 6 chain 0
nextgen 142 7 chain 0
nextgen 142 8 chain 0
nextgen 142 9 chain 0
nextgen 142 10 chain 0
nextgen 142 11 chain 0
nextgen 142 12 chain 0
nextgen 142 13 chain 0
nextgen 142 14 chain 0
nextgen 142 15 chain 0
nextgen 142 16 chain 0
nextgen 142 17 chain 0
nextgen 142 18 chain 0
nextgen 142 19 chain 0
nextgen 142 20 chain 0
nextgen 142 21 chain 0
nextgen 142 22 chain 0
nextgen 142 23 chain 0
nextgen 142 24 chain 0
nextgen 142 25 chain 0
nextgen 142 26 chain 0
nextgen 142 27 chain 0
nextgen 142 28 chain 0
nextgen 142 29 chain 10
nextgen 142 30 chain 0
nextgen 142 31 chain 0
nextgen 142 32 chain 0
nextgen 142 33 chain 0
nextgen 142 34 chain 0
nextgen 142 35 chain 0
nextgen 142 36 chain 0
nextgen 142 37 chain 0
nextgen 142 38 chain 0
nextgen 142 39 chain 0
nextgen 142 40 chain 0
COMPLETE 142 2 10 0 False
/home/sion2/workspaces/dev/puyo_ai_dev_platform/.venv/lib/python3.12/site-packages/pygame/pkgdata.py:25: UserWarning: pkg_resources is deprecated as an API. See https://setuptools.pypa.io/en/latest/pkg_resources.html. The pkg_resources package is slated for removal as early as 2025-11-30. Refrain from using this package or pin to Setuptools<81.
  from pkg_resources import resource_stream, resource_exists
nextgen 143 1 chain 0
nextgen 143 2 chain 0
nextgen 143 3 chain 0
nextgen 143 4 chain 0
nextgen 143 5 chain 0
nextgen 143 6 chain 0
nextgen 143 7 chain 0
nextgen 143 8 chain 0
nextgen 143 9 chain 0
nextgen 143 10 chain 0
nextgen 143 11 chain 0
nextgen 143 12 chain 0
nextgen 143 13 chain 0
nextgen 143 14 chain 0
nextgen 143 15 chain 0
nextgen 143 16 chain 0
nextgen 143 17 chain 0
nextgen 143 18 chain 0
nextgen 143 19 chain 0
nextgen 143 20 chain 0
nextgen 143 21 chain 0
nextgen 143 22 chain 0
nextgen 143 23 chain 0
nextgen 143 24 chain 0
nextgen 143 25 chain 10
nextgen 143 26 chain 0
nextgen 143 27 chain 0
nextgen 143 28 chain 0
nextgen 143 29 chain 0
nextgen 143 30 chain 0
nextgen 143 31 chain 0
nextgen 143 32 chain 0
nextgen 143 33 chain 0
nextgen 143 34 chain 0
nextgen 143 35 chain 0
nextgen 143 36 chain 0
nextgen 143 37 chain 0
nextgen 143 38 chain 0
nextgen 143 39 chain 0
nextgen 143 40 chain 0
COMPLETE 143 1 10 0 False
/home/sion2/workspaces/dev/puyo_ai_dev_platform/.venv/lib/python3.12/site-packages/pygame/pkgdata.py:25: UserWarning: pkg_resources is deprecated as an API. See https://setuptools.pypa.io/en/latest/pkg_resources.html. The pkg_resources package is slated for removal as early as 2025-11-30. Refrain from using this package or pin to Setuptools<81.
  from pkg_resources import resource_stream, resource_exists
nextgen 143 1 chain 0
nextgen 143 2 chain 0
nextgen 143 3 chain 0
nextgen 143 4 chain 0
nextgen 143 5 chain 0
nextgen 143 6 chain 0
nextgen 143 7 chain 0
nextgen 143 8 chain 0
nextgen 143 9 chain 0
nextgen 143 10 chain 0
nextgen 143 11 chain 0
nextgen 143 12 chain 0
nextgen 143 13 chain 0
nextgen 143 14 chain 0
nextgen 143 15 chain 0
nextgen 143 16 chain 0
nextgen 143 17 chain 0
nextgen 143 18 chain 0
nextgen 143 19 chain 0
nextgen 143 20 chain 0
nextgen 143 21 chain 0
nextgen 143 22 chain 0
nextgen 143 23 chain 0
nextgen 143 24 chain 0
nextgen 143 25 chain 10
nextgen 143 26 chain 0
nextgen 143 27 chain 0
nextgen 143 28 chain 0
nextgen 143 29 chain 0
nextgen 143 30 chain 0
nextgen 143 31 chain 0
nextgen 143 32 chain 0
nextgen 143 33 chain 0
nextgen 143 34 chain 0
nextgen 143 35 chain 0
nextgen 143 36 chain 0
nextgen 143 37 chain 0
nextgen 143 38 chain 0
nextgen 143 39 chain 0
nextgen 143 40 chain 0
COMPLETE 143 2 10 0 False
/home/sion2/workspaces/dev/puyo_ai_dev_platform/.venv/lib/python3.12/site-packages/pygame/pkgdata.py:25: UserWarning: pkg_resources is deprecated as an API. See https://setuptools.pypa.io/en/latest/pkg_resources.html. The pkg_resources package is slated for removal as early as 2025-11-30. Refrain from using this package or pin to Setuptools<81.
  from pkg_resources import resource_stream, resource_exists
nextgen 144 1 chain 0
nextgen 144 2 chain 0
nextgen 144 3 chain 0
nextgen 144 4 chain 0
nextgen 144 5 chain 0
nextgen 144 6 chain 0
nextgen 144 7 chain 0
nextgen 144 8 chain 0
nextgen 144 9 chain 0
nextgen 144 10 chain 0
nextgen 144 11 chain 0
nextgen 144 12 chain 0
nextgen 144 13 chain 0
nextgen 144 14 chain 0
nextgen 144 15 chain 0
nextgen 144 16 chain 0
nextgen 144 17 chain 0
nextgen 144 18 chain 0
nextgen 144 19 chain 0
nextgen 144 20 chain 0
nextgen 144 21 chain 0
nextgen 144 22 chain 0
nextgen 144 23 chain 0
nextgen 144 24 chain 0
nextgen 144 25 chain 0
nextgen 144 26 chain 0
nextgen 144 27 chain 0
nextgen 144 28 chain 0
nextgen 144 29 chain 0
nextgen 144 30 chain 0
nextgen 144 31 chain 0
nextgen 144 32 chain 0
nextgen 144 33 chain 1
nextgen 144 34 chain 0
nextgen 144 35 chain 0
nextgen 144 36 chain 0
nextgen 144 37 chain 0
nextgen 144 38 chain 0
COMPLETE 144 1 1 1 True
/home/sion2/workspaces/dev/puyo_ai_dev_platform/.venv/lib/python3.12/site-packages/pygame/pkgdata.py:25: UserWarning: pkg_resources is deprecated as an API. See https://setuptools.pypa.io/en/latest/pkg_resources.html. The pkg_resources package is slated for removal as early as 2025-11-30. Refrain from using this package or pin to Setuptools<81.
  from pkg_resources import resource_stream, resource_exists
nextgen 144 1 chain 0
nextgen 144 2 chain 0
nextgen 144 3 chain 0
nextgen 144 4 chain 0
nextgen 144 5 chain 0
nextgen 144 6 chain 0
nextgen 144 7 chain 0
nextgen 144 8 chain 0
nextgen 144 9 chain 0
nextgen 144 10 chain 0
nextgen 144 11 chain 0
nextgen 144 12 chain 0
nextgen 144 13 chain 0
nextgen 144 14 chain 0
nextgen 144 15 chain 0
nextgen 144 16 chain 0
nextgen 144 17 chain 0
nextgen 144 18 chain 0
nextgen 144 19 chain 0
nextgen 144 20 chain 0
nextgen 144 21 chain 0
nextgen 144 22 chain 0
nextgen 144 23 chain 0
nextgen 144 24 chain 0
nextgen 144 25 chain 0
nextgen 144 26 chain 0
nextgen 144 27 chain 0
nextgen 144 28 chain 0
nextgen 144 29 chain 0
nextgen 144 30 chain 0
nextgen 144 31 chain 0
nextgen 144 32 chain 0
nextgen 144 33 chain 1
nextgen 144 34 chain 0
nextgen 144 35 chain 0
nextgen 144 36 chain 0
nextgen 144 37 chain 0
nextgen 144 38 chain 0
COMPLETE 144 2 1 1 True
/home/sion2/workspaces/dev/puyo_ai_dev_platform/.venv/lib/python3.12/site-packages/pygame/pkgdata.py:25: UserWarning: pkg_resources is deprecated as an API. See https://setuptools.pypa.io/en/latest/pkg_resources.html. The pkg_resources package is slated for removal as early as 2025-11-30. Refrain from using this package or pin to Setuptools<81.
  from pkg_resources import resource_stream, resource_exists
nextgen 145 1 chain 0
nextgen 145 2 chain 0
nextgen 145 3 chain 0
nextgen 145 4 chain 0
nextgen 145 5 chain 0
nextgen 145 6 chain 0
nextgen 145 7 chain 0
nextgen 145 8 chain 0
nextgen 145 9 chain 0
nextgen 145 10 chain 0
nextgen 145 11 chain 0
nextgen 145 12 chain 0
nextgen 145 13 chain 0
nextgen 145 14 chain 0
nextgen 145 15 chain 0
nextgen 145 16 chain 0
nextgen 145 17 chain 0
nextgen 145 18 chain 0
nextgen 145 19 chain 0
nextgen 145 20 chain 0
nextgen 145 21 chain 0
nextgen 145 22 chain 0
nextgen 145 23 chain 0
nextgen 145 24 chain 0
nextgen 145 25 chain 0
nextgen 145 26 chain 0
nextgen 145 27 chain 11
nextgen 145 28 chain 0
nextgen 145 29 chain 0
nextgen 145 30 chain 0
nextgen 145 31 chain 0
nextgen 145 32 chain 0
nextgen 145 33 chain 0
nextgen 145 34 chain 0
nextgen 145 35 chain 0
nextgen 145 36 chain 0
nextgen 145 37 chain 0
nextgen 145 38 chain 0
nextgen 145 39 chain 0
nextgen 145 40 chain 0
COMPLETE 145 1 11 0 False
/home/sion2/workspaces/dev/puyo_ai_dev_platform/.venv/lib/python3.12/site-packages/pygame/pkgdata.py:25: UserWarning: pkg_resources is deprecated as an API. See https://setuptools.pypa.io/en/latest/pkg_resources.html. The pkg_resources package is slated for removal as early as 2025-11-30. Refrain from using this package or pin to Setuptools<81.
  from pkg_resources import resource_stream, resource_exists
nextgen 145 1 chain 0
nextgen 145 2 chain 0
nextgen 145 3 chain 0
nextgen 145 4 chain 0
nextgen 145 5 chain 0
nextgen 145 6 chain 0
nextgen 145 7 chain 0
nextgen 145 8 chain 0
nextgen 145 9 chain 0
nextgen 145 10 chain 0
nextgen 145 11 chain 0
nextgen 145 12 chain 0
nextgen 145 13 chain 0
nextgen 145 14 chain 0
nextgen 145 15 chain 0
nextgen 145 16 chain 0
nextgen 145 17 chain 0
nextgen 145 18 chain 0
nextgen 145 19 chain 0
nextgen 145 20 chain 0
nextgen 145 21 chain 0
nextgen 145 22 chain 0
nextgen 145 23 chain 0
nextgen 145 24 chain 0
nextgen 145 25 chain 0
nextgen 145 26 chain 0
nextgen 145 27 chain 11
nextgen 145 28 chain 0
nextgen 145 29 chain 0
nextgen 145 30 chain 0
nextgen 145 31 chain 0
nextgen 145 32 chain 0
nextgen 145 33 chain 0
nextgen 145 34 chain 0
nextgen 145 35 chain 0
nextgen 145 36 chain 0
nextgen 145 37 chain 0
nextgen 145 38 chain 0
nextgen 145 39 chain 0
nextgen 145 40 chain 0
COMPLETE 145 2 11 0 False
/home/sion2/workspaces/dev/puyo_ai_dev_platform/.venv/lib/python3.12/site-packages/pygame/pkgdata.py:25: UserWarning: pkg_resources is deprecated as an API. See https://setuptools.pypa.io/en/latest/pkg_resources.html. The pkg_resources package is slated for removal as early as 2025-11-30. Refrain from using this package or pin to Setuptools<81.
  from pkg_resources import resource_stream, resource_exists
nextgen 146 1 chain 0
nextgen 146 2 chain 0
nextgen 146 3 chain 0
nextgen 146 4 chain 0
nextgen 146 5 chain 0
nextgen 146 6 chain 0
nextgen 146 7 chain 0
nextgen 146 8 chain 0
nextgen 146 9 chain 0
nextgen 146 10 chain 0
nextgen 146 11 chain 0
nextgen 146 12 chain 0
nextgen 146 13 chain 0
nextgen 146 14 chain 0
nextgen 146 15 chain 0
nextgen 146 16 chain 0
nextgen 146 17 chain 0
nextgen 146 18 chain 0
nextgen 146 19 chain 0
nextgen 146 20 chain 0
nextgen 146 21 chain 0
nextgen 146 22 chain 0
nextgen 146 23 chain 0
nextgen 146 24 chain 0
nextgen 146 25 chain 0
nextgen 146 26 chain 0
nextgen 146 27 chain 0
nextgen 146 28 chain 0
nextgen 146 29 chain 0
nextgen 146 30 chain 0
nextgen 146 31 chain 0
nextgen 146 32 chain 0
nextgen 146 33 chain 11
nextgen 146 34 chain 0
nextgen 146 35 chain 0
nextgen 146 36 chain 0
nextgen 146 37 chain 0
nextgen 146 38 chain 0
nextgen 146 39 chain 0
nextgen 146 40 chain 0
COMPLETE 146 1 11 0 False
/home/sion2/workspaces/dev/puyo_ai_dev_platform/.venv/lib/python3.12/site-packages/pygame/pkgdata.py:25: UserWarning: pkg_resources is deprecated as an API. See https://setuptools.pypa.io/en/latest/pkg_resources.html. The pkg_resources package is slated for removal as early as 2025-11-30. Refrain from using this package or pin to Setuptools<81.
  from pkg_resources import resource_stream, resource_exists
nextgen 146 1 chain 0
nextgen 146 2 chain 0
nextgen 146 3 chain 0
nextgen 146 4 chain 0
nextgen 146 5 chain 0
nextgen 146 6 chain 0
nextgen 146 7 chain 0
nextgen 146 8 chain 0
nextgen 146 9 chain 0
nextgen 146 10 chain 0
nextgen 146 11 chain 0
nextgen 146 12 chain 0
nextgen 146 13 chain 0
nextgen 146 14 chain 0
nextgen 146 15 chain 0
nextgen 146 16 chain 0
nextgen 146 17 chain 0
nextgen 146 18 chain 0
nextgen 146 19 chain 0
nextgen 146 20 chain 0
nextgen 146 21 chain 0
nextgen 146 22 chain 0
nextgen 146 23 chain 0
nextgen 146 24 chain 0
nextgen 146 25 chain 0
nextgen 146 26 chain 0
nextgen 146 27 chain 0
nextgen 146 28 chain 0
nextgen 146 29 chain 0
nextgen 146 30 chain 0
nextgen 146 31 chain 0
nextgen 146 32 chain 0
nextgen 146 33 chain 11
nextgen 146 34 chain 0
nextgen 146 35 chain 0
nextgen 146 36 chain 0
nextgen 146 37 chain 0
nextgen 146 38 chain 0
nextgen 146 39 chain 0
nextgen 146 40 chain 0
COMPLETE 146 2 11 0 False
/home/sion2/workspaces/dev/puyo_ai_dev_platform/.venv/lib/python3.12/site-packages/pygame/pkgdata.py:25: UserWarning: pkg_resources is deprecated as an API. See https://setuptools.pypa.io/en/latest/pkg_resources.html. The pkg_resources package is slated for removal as early as 2025-11-30. Refrain from using this package or pin to Setuptools<81.
  from pkg_resources import resource_stream, resource_exists
nextgen 147 1 chain 0
nextgen 147 2 chain 0
nextgen 147 3 chain 0
nextgen 147 4 chain 0
nextgen 147 5 chain 0
nextgen 147 6 chain 0
nextgen 147 7 chain 0
nextgen 147 8 chain 0
nextgen 147 9 chain 0
nextgen 147 10 chain 0
nextgen 147 11 chain 0
nextgen 147 12 chain 0
nextgen 147 13 chain 0
nextgen 147 14 chain 0
nextgen 147 15 chain 0
nextgen 147 16 chain 0
nextgen 147 17 chain 0
nextgen 147 18 chain 0
nextgen 147 19 chain 0
nextgen 147 20 chain 0
nextgen 147 21 chain 0
nextgen 147 22 chain 0
nextgen 147 23 chain 0
nextgen 147 24 chain 0
nextgen 147 25 chain 0
nextgen 147 26 chain 0
nextgen 147 27 chain 0
nextgen 147 28 chain 0
nextgen 147 29 chain 0
nextgen 147 30 chain 10
nextgen 147 31 chain 0
nextgen 147 32 chain 0
nextgen 147 33 chain 0
nextgen 147 34 chain 0
nextgen 147 35 chain 0
nextgen 147 36 chain 0
nextgen 147 37 chain 0
nextgen 147 38 chain 0
nextgen 147 39 chain 0
nextgen 147 40 chain 0
COMPLETE 147 1 10 0 False
/home/sion2/workspaces/dev/puyo_ai_dev_platform/.venv/lib/python3.12/site-packages/pygame/pkgdata.py:25: UserWarning: pkg_resources is deprecated as an API. See https://setuptools.pypa.io/en/latest/pkg_resources.html. The pkg_resources package is slated for removal as early as 2025-11-30. Refrain from using this package or pin to Setuptools<81.
  from pkg_resources import resource_stream, resource_exists
nextgen 147 1 chain 0
nextgen 147 2 chain 0
nextgen 147 3 chain 0
nextgen 147 4 chain 0
nextgen 147 5 chain 0
nextgen 147 6 chain 0
nextgen 147 7 chain 0
nextgen 147 8 chain 0
nextgen 147 9 chain 0
nextgen 147 10 chain 0
nextgen 147 11 chain 0
nextgen 147 12 chain 0
nextgen 147 13 chain 0
nextgen 147 14 chain 0
nextgen 147 15 chain 0
nextgen 147 16 chain 0
nextgen 147 17 chain 0
nextgen 147 18 chain 0
nextgen 147 19 chain 0
nextgen 147 20 chain 0
nextgen 147 21 chain 0
nextgen 147 22 chain 0
nextgen 147 23 chain 0
nextgen 147 24 chain 0
nextgen 147 25 chain 0
nextgen 147 26 chain 0
nextgen 147 27 chain 0
nextgen 147 28 chain 0
nextgen 147 29 chain 0
nextgen 147 30 chain 10
nextgen 147 31 chain 0
nextgen 147 32 chain 0
nextgen 147 33 chain 0
nextgen 147 34 chain 0
nextgen 147 35 chain 0
nextgen 147 36 chain 0
nextgen 147 37 chain 0
nextgen 147 38 chain 0
nextgen 147 39 chain 0
nextgen 147 40 chain 0
COMPLETE 147 2 10 0 False
/home/sion2/workspaces/dev/puyo_ai_dev_platform/.venv/lib/python3.12/site-packages/pygame/pkgdata.py:25: UserWarning: pkg_resources is deprecated as an API. See https://setuptools.pypa.io/en/latest/pkg_resources.html. The pkg_resources package is slated for removal as early as 2025-11-30. Refrain from using this package or pin to Setuptools<81.
  from pkg_resources import resource_stream, resource_exists
nextgen 148 1 chain 0
nextgen 148 2 chain 0
nextgen 148 3 chain 0
nextgen 148 4 chain 0
nextgen 148 5 chain 0
nextgen 148 6 chain 0
nextgen 148 7 chain 0
nextgen 148 8 chain 0
nextgen 148 9 chain 0
nextgen 148 10 chain 0
nextgen 148 11 chain 0
nextgen 148 12 chain 0
nextgen 148 13 chain 0
nextgen 148 14 chain 0
nextgen 148 15 chain 0
nextgen 148 16 chain 0
nextgen 148 17 chain 0
nextgen 148 18 chain 0
nextgen 148 19 chain 0
nextgen 148 20 chain 0
nextgen 148 21 chain 0
nextgen 148 22 chain 0
nextgen 148 23 chain 0
nextgen 148 24 chain 0
nextgen 148 25 chain 0
nextgen 148 26 chain 10
nextgen 148 27 chain 0
nextgen 148 28 chain 0
nextgen 148 29 chain 0
nextgen 148 30 chain 0
nextgen 148 31 chain 0
nextgen 148 32 chain 0
nextgen 148 33 chain 0
nextgen 148 34 chain 0
nextgen 148 35 chain 0
nextgen 148 36 chain 0
nextgen 148 37 chain 0
nextgen 148 38 chain 0
nextgen 148 39 chain 0
nextgen 148 40 chain 0
COMPLETE 148 1 10 0 False
/home/sion2/workspaces/dev/puyo_ai_dev_platform/.venv/lib/python3.12/site-packages/pygame/pkgdata.py:25: UserWarning: pkg_resources is deprecated as an API. See https://setuptools.pypa.io/en/latest/pkg_resources.html. The pkg_resources package is slated for removal as early as 2025-11-30. Refrain from using this package or pin to Setuptools<81.
  from pkg_resources import resource_stream, resource_exists
nextgen 148 1 chain 0
nextgen 148 2 chain 0
nextgen 148 3 chain 0
nextgen 148 4 chain 0
nextgen 148 5 chain 0
nextgen 148 6 chain 0
nextgen 148 7 chain 0
nextgen 148 8 chain 0
nextgen 148 9 chain 0
nextgen 148 10 chain 0
nextgen 148 11 chain 0
nextgen 148 12 chain 0
nextgen 148 13 chain 0
nextgen 148 14 chain 0
nextgen 148 15 chain 0
nextgen 148 16 chain 0
nextgen 148 17 chain 0
nextgen 148 18 chain 0
nextgen 148 19 chain 0
nextgen 148 20 chain 0
nextgen 148 21 chain 0
nextgen 148 22 chain 0
nextgen 148 23 chain 0
nextgen 148 24 chain 0
nextgen 148 25 chain 0
nextgen 148 26 chain 10
nextgen 148 27 chain 0
nextgen 148 28 chain 0
nextgen 148 29 chain 0
nextgen 148 30 chain 0
nextgen 148 31 chain 0
nextgen 148 32 chain 0
nextgen 148 33 chain 0
nextgen 148 34 chain 0
nextgen 148 35 chain 0
nextgen 148 36 chain 0
nextgen 148 37 chain 0
nextgen 148 38 chain 0
nextgen 148 39 chain 0
nextgen 148 40 chain 0
COMPLETE 148 2 10 0 False
/home/sion2/workspaces/dev/puyo_ai_dev_platform/.venv/lib/python3.12/site-packages/pygame/pkgdata.py:25: UserWarning: pkg_resources is deprecated as an API. See https://setuptools.pypa.io/en/latest/pkg_resources.html. The pkg_resources package is slated for removal as early as 2025-11-30. Refrain from using this package or pin to Setuptools<81.
  from pkg_resources import resource_stream, resource_exists
nextgen 149 1 chain 0
nextgen 149 2 chain 0
nextgen 149 3 chain 0
nextgen 149 4 chain 0
nextgen 149 5 chain 0
nextgen 149 6 chain 0
nextgen 149 7 chain 0
nextgen 149 8 chain 0
nextgen 149 9 chain 0
nextgen 149 10 chain 0
nextgen 149 11 chain 0
nextgen 149 12 chain 0
nextgen 149 13 chain 0
nextgen 149 14 chain 0
nextgen 149 15 chain 0
nextgen 149 16 chain 0
nextgen 149 17 chain 0
nextgen 149 18 chain 0
nextgen 149 19 chain 0
nextgen 149 20 chain 0
nextgen 149 21 chain 0
nextgen 149 22 chain 0
nextgen 149 23 chain 0
nextgen 149 24 chain 0
nextgen 149 25 chain 0
nextgen 149 26 chain 0
nextgen 149 27 chain 0
nextgen 149 28 chain 0
nextgen 149 29 chain 10
nextgen 149 30 chain 0
nextgen 149 31 chain 0
nextgen 149 32 chain 0
nextgen 149 33 chain 0
nextgen 149 34 chain 0
nextgen 149 35 chain 0
nextgen 149 36 chain 0
nextgen 149 37 chain 0
nextgen 149 38 chain 0
nextgen 149 39 chain 0
nextgen 149 40 chain 0
COMPLETE 149 1 10 0 False
/home/sion2/workspaces/dev/puyo_ai_dev_platform/.venv/lib/python3.12/site-packages/pygame/pkgdata.py:25: UserWarning: pkg_resources is deprecated as an API. See https://setuptools.pypa.io/en/latest/pkg_resources.html. The pkg_resources package is slated for removal as early as 2025-11-30. Refrain from using this package or pin to Setuptools<81.
  from pkg_resources import resource_stream, resource_exists
nextgen 149 1 chain 0
nextgen 149 2 chain 0
nextgen 149 3 chain 0
nextgen 149 4 chain 0
nextgen 149 5 chain 0
nextgen 149 6 chain 0
nextgen 149 7 chain 0
nextgen 149 8 chain 0
nextgen 149 9 chain 0
nextgen 149 10 chain 0
nextgen 149 11 chain 0
nextgen 149 12 chain 0
nextgen 149 13 chain 0
nextgen 149 14 chain 0
nextgen 149 15 chain 0
nextgen 149 16 chain 0
nextgen 149 17 chain 0
nextgen 149 18 chain 0
nextgen 149 19 chain 0
nextgen 149 20 chain 0
nextgen 149 21 chain 0
nextgen 149 22 chain 0
nextgen 149 23 chain 0
nextgen 149 24 chain 0
nextgen 149 25 chain 0
nextgen 149 26 chain 0
nextgen 149 27 chain 0
nextgen 149 28 chain 0
nextgen 149 29 chain 10
nextgen 149 30 chain 0
nextgen 149 31 chain 0
nextgen 149 32 chain 0
nextgen 149 33 chain 0
nextgen 149 34 chain 0
nextgen 149 35 chain 0
nextgen 149 36 chain 0
nextgen 149 37 chain 0
nextgen 149 38 chain 0
nextgen 149 39 chain 0
nextgen 149 40 chain 0
COMPLETE 149 2 10 0 False
/home/sion2/workspaces/dev/puyo_ai_dev_platform/.venv/lib/python3.12/site-packages/pygame/pkgdata.py:25: UserWarning: pkg_resources is deprecated as an API. See https://setuptools.pypa.io/en/latest/pkg_resources.html. The pkg_resources package is slated for removal as early as 2025-11-30. Refrain from using this package or pin to Setuptools<81.
  from pkg_resources import resource_stream, resource_exists
nextgen 150 1 chain 0
nextgen 150 2 chain 0
nextgen 150 3 chain 0
nextgen 150 4 chain 0
nextgen 150 5 chain 0
nextgen 150 6 chain 0
nextgen 150 7 chain 0
nextgen 150 8 chain 0
nextgen 150 9 chain 0
nextgen 150 10 chain 0
nextgen 150 11 chain 0
nextgen 150 12 chain 0
nextgen 150 13 chain 0
nextgen 150 14 chain 0
nextgen 150 15 chain 0
nextgen 150 16 chain 0
nextgen 150 17 chain 0
nextgen 150 18 chain 0
nextgen 150 19 chain 0
nextgen 150 20 chain 0
nextgen 150 21 chain 0
nextgen 150 22 chain 0
nextgen 150 23 chain 0
nextgen 150 24 chain 0
nextgen 150 25 chain 0
nextgen 150 26 chain 10
nextgen 150 27 chain 0
nextgen 150 28 chain 0
nextgen 150 29 chain 0
nextgen 150 30 chain 0
nextgen 150 31 chain 0
nextgen 150 32 chain 0
nextgen 150 33 chain 0
nextgen 150 34 chain 0
nextgen 150 35 chain 0
nextgen 150 36 chain 0
nextgen 150 37 chain 0
nextgen 150 38 chain 0
nextgen 150 39 chain 0
nextgen 150 40 chain 0
COMPLETE 150 1 10 0 False
/home/sion2/workspaces/dev/puyo_ai_dev_platform/.venv/lib/python3.12/site-packages/pygame/pkgdata.py:25: UserWarning: pkg_resources is deprecated as an API. See https://setuptools.pypa.io/en/latest/pkg_resources.html. The pkg_resources package is slated for removal as early as 2025-11-30. Refrain from using this package or pin to Setuptools<81.
  from pkg_resources import resource_stream, resource_exists
nextgen 150 1 chain 0
nextgen 150 2 chain 0
nextgen 150 3 chain 0
nextgen 150 4 chain 0
nextgen 150 5 chain 0
nextgen 150 6 chain 0
nextgen 150 7 chain 0
nextgen 150 8 chain 0
nextgen 150 9 chain 0
nextgen 150 10 chain 0
nextgen 150 11 chain 0
nextgen 150 12 chain 0
nextgen 150 13 chain 0
nextgen 150 14 chain 0
nextgen 150 15 chain 0
nextgen 150 16 chain 0
nextgen 150 17 chain 0
nextgen 150 18 chain 0
nextgen 150 19 chain 0
nextgen 150 20 chain 0
nextgen 150 21 chain 0
nextgen 150 22 chain 0
nextgen 150 23 chain 0
nextgen 150 24 chain 0
nextgen 150 25 chain 0
nextgen 150 26 chain 10
nextgen 150 27 chain 0
nextgen 150 28 chain 0
nextgen 150 29 chain 0
nextgen 150 30 chain 0
nextgen 150 31 chain 0
nextgen 150 32 chain 0
nextgen 150 33 chain 0
nextgen 150 34 chain 0
nextgen 150 35 chain 0
nextgen 150 36 chain 0
nextgen 150 37 chain 0
nextgen 150 38 chain 0
nextgen 150 39 chain 0
nextgen 150 40 chain 0
COMPLETE 150 2 10 0 False
/home/sion2/workspaces/dev/puyo_ai_dev_platform/.venv/lib/python3.12/site-packages/pygame/pkgdata.py:25: UserWarning: pkg_resources is deprecated as an API. See https://setuptools.pypa.io/en/latest/pkg_resources.html. The pkg_resources package is slated for removal as early as 2025-11-30. Refrain from using this package or pin to Setuptools<81.
  from pkg_resources import resource_stream, resource_exists
nextgen 151 1 chain 0
nextgen 151 2 chain 0
nextgen 151 3 chain 0
nextgen 151 4 chain 0
nextgen 151 5 chain 0
nextgen 151 6 chain 0
nextgen 151 7 chain 0
nextgen 151 8 chain 0
nextgen 151 9 chain 0
nextgen 151 10 chain 0
nextgen 151 11 chain 0
nextgen 151 12 chain 0
nextgen 151 13 chain 0
nextgen 151 14 chain 0
nextgen 151 15 chain 0
nextgen 151 16 chain 0
nextgen 151 17 chain 0
nextgen 151 18 chain 0
nextgen 151 19 chain 0
nextgen 151 20 chain 0
nextgen 151 21 chain 0
nextgen 151 22 chain 0
nextgen 151 23 chain 0
nextgen 151 24 chain 0
nextgen 151 25 chain 0
nextgen 151 26 chain 10
nextgen 151 27 chain 0
nextgen 151 28 chain 0
nextgen 151 29 chain 0
nextgen 151 30 chain 0
nextgen 151 31 chain 0
nextgen 151 32 chain 0
nextgen 151 33 chain 0
nextgen 151 34 chain 0
nextgen 151 35 chain 0
nextgen 151 36 chain 0
nextgen 151 37 chain 0
nextgen 151 38 chain 0
nextgen 151 39 chain 0
nextgen 151 40 chain 0
COMPLETE 151 1 10 0 False
/home/sion2/workspaces/dev/puyo_ai_dev_platform/.venv/lib/python3.12/site-packages/pygame/pkgdata.py:25: UserWarning: pkg_resources is deprecated as an API. See https://setuptools.pypa.io/en/latest/pkg_resources.html. The pkg_resources package is slated for removal as early as 2025-11-30. Refrain from using this package or pin to Setuptools<81.
  from pkg_resources import resource_stream, resource_exists
nextgen 151 1 chain 0
nextgen 151 2 chain 0
nextgen 151 3 chain 0
nextgen 151 4 chain 0
nextgen 151 5 chain 0
nextgen 151 6 chain 0
nextgen 151 7 chain 0
nextgen 151 8 chain 0
nextgen 151 9 chain 0
nextgen 151 10 chain 0
nextgen 151 11 chain 0
nextgen 151 12 chain 0
nextgen 151 13 chain 0
nextgen 151 14 chain 0
nextgen 151 15 chain 0
nextgen 151 16 chain 0
nextgen 151 17 chain 0
nextgen 151 18 chain 0
nextgen 151 19 chain 0
nextgen 151 20 chain 0
nextgen 151 21 chain 0
nextgen 151 22 chain 0
nextgen 151 23 chain 0
nextgen 151 24 chain 0
nextgen 151 25 chain 0
nextgen 151 26 chain 10
nextgen 151 27 chain 0
nextgen 151 28 chain 0
nextgen 151 29 chain 0
nextgen 151 30 chain 0
nextgen 151 31 chain 0
nextgen 151 32 chain 0
nextgen 151 33 chain 0
nextgen 151 34 chain 0
nextgen 151 35 chain 0
nextgen 151 36 chain 0
nextgen 151 37 chain 0
nextgen 151 38 chain 0
nextgen 151 39 chain 0
nextgen 151 40 chain 0
COMPLETE 151 2 10 0 False
/home/sion2/workspaces/dev/puyo_ai_dev_platform/.venv/lib/python3.12/site-packages/pygame/pkgdata.py:25: UserWarning: pkg_resources is deprecated as an API. See https://setuptools.pypa.io/en/latest/pkg_resources.html. The pkg_resources package is slated for removal as early as 2025-11-30. Refrain from using this package or pin to Setuptools<81.
  from pkg_resources import resource_stream, resource_exists
nextgen 152 1 chain 0
nextgen 152 2 chain 0
nextgen 152 3 chain 0
nextgen 152 4 chain 0
nextgen 152 5 chain 0
nextgen 152 6 chain 0
nextgen 152 7 chain 0
nextgen 152 8 chain 0
nextgen 152 9 chain 0
nextgen 152 10 chain 0
nextgen 152 11 chain 0
nextgen 152 12 chain 0
nextgen 152 13 chain 0
nextgen 152 14 chain 0
nextgen 152 15 chain 0
nextgen 152 16 chain 0
nextgen 152 17 chain 0
nextgen 152 18 chain 0
nextgen 152 19 chain 0
nextgen 152 20 chain 0
nextgen 152 21 chain 0
nextgen 152 22 chain 0
nextgen 152 23 chain 0
nextgen 152 24 chain 0
nextgen 152 25 chain 0
nextgen 152 26 chain 0
nextgen 152 27 chain 0
nextgen 152 28 chain 0
nextgen 152 29 chain 0
nextgen 152 30 chain 0
nextgen 152 31 chain 0
nextgen 152 32 chain 0
nextgen 152 33 chain 0
nextgen 152 34 chain 0
nextgen 152 35 chain 0
nextgen 152 36 chain 13
nextgen 152 37 chain 0
nextgen 152 38 chain 0
nextgen 152 39 chain 0
nextgen 152 40 chain 0
COMPLETE 152 1 13 0 False
/home/sion2/workspaces/dev/puyo_ai_dev_platform/.venv/lib/python3.12/site-packages/pygame/pkgdata.py:25: UserWarning: pkg_resources is deprecated as an API. See https://setuptools.pypa.io/en/latest/pkg_resources.html. The pkg_resources package is slated for removal as early as 2025-11-30. Refrain from using this package or pin to Setuptools<81.
  from pkg_resources import resource_stream, resource_exists
nextgen 152 1 chain 0
nextgen 152 2 chain 0
nextgen 152 3 chain 0
nextgen 152 4 chain 0
nextgen 152 5 chain 0
nextgen 152 6 chain 0
nextgen 152 7 chain 0
nextgen 152 8 chain 0
nextgen 152 9 chain 0
nextgen 152 10 chain 0
nextgen 152 11 chain 0
nextgen 152 12 chain 0
nextgen 152 13 chain 0
nextgen 152 14 chain 0
nextgen 152 15 chain 0
nextgen 152 16 chain 0
nextgen 152 17 chain 0
nextgen 152 18 chain 0
nextgen 152 19 chain 0
nextgen 152 20 chain 0
nextgen 152 21 chain 0
nextgen 152 22 chain 0
nextgen 152 23 chain 0
nextgen 152 24 chain 0
nextgen 152 25 chain 0
nextgen 152 26 chain 0
nextgen 152 27 chain 0
nextgen 152 28 chain 0
nextgen 152 29 chain 0
nextgen 152 30 chain 0
nextgen 152 31 chain 0
nextgen 152 32 chain 0
nextgen 152 33 chain 0
nextgen 152 34 chain 0
nextgen 152 35 chain 0
nextgen 152 36 chain 13
nextgen 152 37 chain 0
nextgen 152 38 chain 0
nextgen 152 39 chain 0
nextgen 152 40 chain 0
COMPLETE 152 2 13 0 False
